Product: MDK-ARM Standard 5.10
Component: ARM Compiler 5.04 update 1 (build 49)
Tool: armlink [5040049]

==============================================================================

Section Cross References

    cpuusage.o(i.cpu_usage_get) refers to kservice.o(i.rt_kprintf) for rt_kprintf
    cpuusage.o(i.cpu_usage_get) refers to cpuusage.o(.constdata) for __FUNCTION__
    cpuusage.o(i.cpu_usage_get) refers to cpuusage.o(.data) for cpu_usage_major
    cpuusage.o(i.cpu_usage_idle_hook) refers to scheduler.o(i.rt_enter_critical) for rt_enter_critical
    cpuusage.o(i.cpu_usage_idle_hook) refers to clock.o(i.rt_tick_get) for rt_tick_get
    cpuusage.o(i.cpu_usage_idle_hook) refers to scheduler.o(i.rt_exit_critical) for rt_exit_critical
    cpuusage.o(i.cpu_usage_idle_hook) refers to cpuusage.o(.data) for total_count
    cpuusage.o(i.cpu_usage_init) refers to idle.o(i.rt_thread_idle_sethook) for rt_thread_idle_sethook
    cpuusage.o(i.cpu_usage_init) refers to cpuusage.o(i.cpu_usage_idle_hook) for cpu_usage_idle_hook
    cpuusage.o(i.cu_init) refers to cpuusage.o(i.cpu_usage_init) for cpu_usage_init
    cpuusage.o(.rti_fn.2) refers to cpuusage.o(.constdata) for __rti_cu_init_name
    cpuusage.o(.rti_fn.2) refers to cpuusage.o(i.cu_init) for cu_init
    time_measure.o(i.return_time) refers to time_measure.o(.bss) for time_meas
    time_measure.o(i.start_measure_time) refers to stm32f4xx_tim.o(i.TIM_DeInit) for TIM_DeInit
    time_measure.o(i.start_measure_time) refers to stm32f4xx_rcc.o(i.RCC_APB1PeriphClockCmd) for RCC_APB1PeriphClockCmd
    time_measure.o(i.start_measure_time) refers to stm32f4xx_tim.o(i.TIM_TimeBaseInit) for TIM_TimeBaseInit
    time_measure.o(i.start_measure_time) refers to stm32f4xx_tim.o(i.TIM_Cmd) for TIM_Cmd
    time_measure.o(i.start_measure_time) refers to time_measure.o(.bss) for time_meas
    time_measure.o(i.stop_measure_time) refers to stm32f4xx_tim.o(i.TIM_Cmd) for TIM_Cmd
    time_measure.o(i.stop_measure_time) refers to time_measure.o(.bss) for time_meas
    sd_hotswap.o(i.rt_thread_sd_hotswap) refers to stm32f4xx_rcc.o(i.RCC_AHB1PeriphClockCmd) for RCC_AHB1PeriphClockCmd
    sd_hotswap.o(i.rt_thread_sd_hotswap) refers to stm32f4xx_gpio.o(i.GPIO_Init) for GPIO_Init
    sd_hotswap.o(i.rt_thread_sd_hotswap) refers to thread.o(i.rt_thread_delay) for rt_thread_delay
    sd_hotswap.o(i.rt_thread_sd_hotswap) refers to stm32f4xx_gpio.o(i.GPIO_ReadInputDataBit) for GPIO_ReadInputDataBit
    sd_hotswap.o(i.rt_thread_sd_hotswap) refers to device.o(i.rt_device_find) for rt_device_find
    sd_hotswap.o(i.rt_thread_sd_hotswap) refers to dfs_fs.o(i.dfs_unmount) for dfs_unmount
    sd_hotswap.o(i.rt_thread_sd_hotswap) refers to kservice.o(i.rt_kprintf) for rt_kprintf
    sd_hotswap.o(i.rt_thread_sd_hotswap) refers to device.o(i.rt_device_unregister) for rt_device_unregister
    sd_hotswap.o(i.rt_thread_sd_hotswap) refers to msd.o(i.msd_init) for msd_init
    sd_hotswap.o(i.rt_thread_sd_hotswap) refers to device.o(i.rt_device_init) for rt_device_init
    sd_hotswap.o(i.rt_thread_sd_hotswap) refers to dfs_fs.o(i.dfs_mount) for dfs_mount
    thread_heartbeat.o(i.heartbeat_hw_init) refers to stm32f4xx_rcc.o(i.RCC_AHB1PeriphClockCmd) for RCC_AHB1PeriphClockCmd
    thread_heartbeat.o(i.heartbeat_hw_init) refers to stm32f4xx_rcc.o(i.RCC_APB2PeriphClockCmd) for RCC_APB2PeriphClockCmd
    thread_heartbeat.o(i.heartbeat_hw_init) refers to stm32f4xx_dma.o(i.DMA_Init) for DMA_Init
    thread_heartbeat.o(i.heartbeat_hw_init) refers to stm32f4xx_dma.o(i.DMA_Cmd) for DMA_Cmd
    thread_heartbeat.o(i.heartbeat_hw_init) refers to stm32f4xx_adc.o(i.ADC_CommonInit) for ADC_CommonInit
    thread_heartbeat.o(i.heartbeat_hw_init) refers to stm32f4xx_adc.o(i.ADC_Init) for ADC_Init
    thread_heartbeat.o(i.heartbeat_hw_init) refers to stm32f4xx_adc.o(i.ADC_RegularChannelConfig) for ADC_RegularChannelConfig
    thread_heartbeat.o(i.heartbeat_hw_init) refers to stm32f4xx_adc.o(i.ADC_VBATCmd) for ADC_VBATCmd
    thread_heartbeat.o(i.heartbeat_hw_init) refers to stm32f4xx_adc.o(i.ADC_TempSensorVrefintCmd) for ADC_TempSensorVrefintCmd
    thread_heartbeat.o(i.heartbeat_hw_init) refers to stm32f4xx_adc.o(i.ADC_DMARequestAfterLastTransferCmd) for ADC_DMARequestAfterLastTransferCmd
    thread_heartbeat.o(i.heartbeat_hw_init) refers to stm32f4xx_adc.o(i.ADC_DMACmd) for ADC_DMACmd
    thread_heartbeat.o(i.heartbeat_hw_init) refers to stm32f4xx_adc.o(i.ADC_Cmd) for ADC_Cmd
    thread_heartbeat.o(i.heartbeat_hw_init) refers to stm32f4xx_adc.o(i.ADC_SoftwareStartConv) for ADC_SoftwareStartConv
    thread_heartbeat.o(i.heartbeat_hw_init) refers to thread_heartbeat.o(.data) for adc1_raw
    thread_heartbeat.o(i.heartbeat_init) refers to thread_heartbeat.o(i.heartbeat_sw_init) for heartbeat_sw_init
    thread_heartbeat.o(i.heartbeat_init) refers to thread_heartbeat.o(i.heartbeat_hw_init) for heartbeat_hw_init
    thread_heartbeat.o(i.heartbeat_sw_init) refers to ipc.o(i.rt_sem_init) for rt_sem_init
[...]
    0x080076ec   0x00000068   Code   RO         2473    i.SystemInit        system_stm32f4xx.o
    0x08007754   0x00000010   Code   RO         2147    i.TIM7_IRQHandler   stm32f4xx_it.o
    0x08007764   0x00000100   Code   RO         5589    i.TIM_ARRPreloadConfig  stm32f4xx_tim.o
    0x08007864   0x000000dc   Code   RO         5596    i.TIM_ClearITPendingBit  stm32f4xx_tim.o
    0x08007940   0x00000100   Code   RO         5601    i.TIM_Cmd           stm32f4xx_tim.o
    0x08007a40   0x00000094   Code   RO         5603    i.TIM_CtrlPWMOutputs  stm32f4xx_tim.o
    0x08007ad4   0x00000228   Code   RO         5606    i.TIM_DeInit        stm32f4xx_tim.o
    0x08007cfc   0x0000012c   Code   RO         5622    i.TIM_GetITStatus   stm32f4xx_tim.o
    0x08007e28   0x000001f8   Code   RO         5630    i.TIM_OC1Init       stm32f4xx_tim.o
    0x08008020   0x000000e4   Code   RO         5633    i.TIM_OC1PreloadConfig  stm32f4xx_tim.o
    0x08008104   0x000001f8   Code   RO         5635    i.TIM_OC2Init       stm32f4xx_tim.o
    0x080082fc   0x000000c4   Code   RO         5638    i.TIM_OC2PreloadConfig  stm32f4xx_tim.o
    0x080083c0   0x000001e0   Code   RO         5640    i.TIM_OC3Init       stm32f4xx_tim.o
    0x080085a0   0x000000a8   Code   RO         5643    i.TIM_OC3PreloadConfig  stm32f4xx_tim.o
    0x08008648   0x00000174   Code   RO         5645    i.TIM_OC4Init       stm32f4xx_tim.o
    0x080087bc   0x000000b0   Code   RO         5647    i.TIM_OC4PreloadConfig  stm32f4xx_tim.o
    0x0800886c   0x00000014   Code   RO         5648    i.TIM_OCStructInit  stm32f4xx_tim.o
    0x08008880   0x00000188   Code   RO         5673    i.TIM_TimeBaseInit  stm32f4xx_tim.o
    0x08008a08   0x00000010   Code   RO         2148    i.UART4_IRQHandler  stm32f4xx_it.o
    0x08008a18   0x00000018   Code   RO         2149    i.USART1_IRQHandler  stm32f4xx_it.o
    0x08008a30   0x00000018   Code   RO         2150    i.USART2_IRQHandler  stm32f4xx_it.o
    0x08008a48   0x00000002   Code   RO         2151    i.USART3_IRQHandler  stm32f4xx_it.o
    0x08008a4a   0x00000002   PAD
    0x08008a4c   0x000000f8   Code   RO         6144    i.USART_ClearITPendingBit  stm32f4xx_usart.o
    0x08008b44   0x000000b4   Code   RO         6147    i.USART_Cmd         stm32f4xx_usart.o
    0x08008bf8   0x00000100   Code   RO         6150    i.USART_GetFlagStatus  stm32f4xx_usart.o
    0x08008cf8   0x0000016c   Code   RO         6151    i.USART_GetITStatus  stm32f4xx_usart.o
    0x08008e64   0x00000158   Code   RO         6153    i.USART_ITConfig    stm32f4xx_usart.o
    0x08008fbc   0x00000220   Code   RO         6154    i.USART_Init        stm32f4xx_usart.o
    0x080091dc   0x00000090   Code   RO         6161    i.USART_ReceiveData  stm32f4xx_usart.o
    0x0800926c   0x000000a4   Code   RO         6164    i.USART_SendData    stm32f4xx_usart.o
    0x08009310   0x00000004   Code   RO         2152    i.UsageFault_Handler  stm32f4xx_it.o
    0x08009314   0x00000030   Code   RO        10494    i.__ARM_fpclassify  m_wm.l(fpclassify.o)
    0x08009344   0x00000004   PAD
    0x08009348   0x00000370   Code   RO        10322    i.__hardfp_asin     m_wm.l(asin.o)
    0x080096b8   0x000002e0   Code   RO        10336    i.__hardfp_atan     m_wm.l(atan.o)
    0x08009998   0x000001f0   Code   RO        10350    i.__hardfp_atan2    m_wm.l(atan2.o)
    0x08009b88   0x00000038   Code   RO        10362    i.__hardfp_atof     m_wm.l(atof.o)
    0x08009bc0   0x000000d8   Code   RO        10368    i.__hardfp_cos      m_wm.l(cos.o)
    0x08009c98   0x000000e0   Code   RO        10744    i.__hardfp_ldexp    m_wm.l(ldexp.o)
    0x08009d78   0x000003e4   Code   RO        10496    i.__hardfp_log      m_wm.l(log.o)
    0x0800a15c   0x00000004   PAD
    0x0800a160   0x00000148   Code   RO        10380    i.__hardfp_log10    m_wm.l(log10.o)
    0x0800a2a8   0x00000c38   Code   RO        10392    i.__hardfp_pow      m_wm.l(pow.o)
    0x0800aee0   0x000000d8   Code   RO        10406    i.__hardfp_sin      m_wm.l(sin.o)
    0x0800afb8   0x0000007a   Code   RO        10418    i.__hardfp_sqrt     m_wm.l(sqrt.o)
    0x0800b032   0x00000006   PAD
    0x0800b038   0x000000a0   Code   RO        10430    i.__hardfp_tan      m_wm.l(tan.o)
    0x0800b0d8   0x00000438   Code   RO        10513    i.__ieee754_rem_pio2  m_wm.l(rred.o)
    0x0800b510   0x00000170   Code   RO        10483    i.__kernel_cos      m_wm.l(cos_i.o)
    0x0800b680   0x000000f8   Code   RO        10510    i.__kernel_poly     m_wm.l(poly.o)
    0x0800b778   0x00000130   Code   RO        10518    i.__kernel_sin      m_wm.l(sin_i.o)
    0x0800b8a8   0x00000350   Code   RO        10524    i.__kernel_tan      m_wm.l(tan_i.o)
    0x0800bbf8   0x00000020   Code   RO        10486    i.__mathlib_dbl_underflow  m_wm.l(dunder.o)
    0x0800bc18   0x000000b8   Code   RO        10691    i.__mathlib_narrow  m_wm.l(narrow.o)
    0x0800bcd0   0x0000004c   Code   RO         6852    i.__rt_ffs          kservice.o
    0x0800bd1c   0x00000014   Code   RO        10746    i.__support_ldexp   m_wm.l(ldexp.o)
    0x0800bd30   0x0000000e   Code   RO        10234    i._is_digit         c_w.l(__printf_wp.o)
    0x0800bd3e   0x00000002   PAD
    0x0800bd40   0x00000094   Code   RO         8150    i._list_device      cmd.o
    0x0800bdd4   0x000000d8   Code   RO         8151    i._list_event       cmd.o
    0x0800beac   0x000000f4   Code   RO         8152    i._list_mailbox     cmd.o
    0x0800bfa0   0x000000f8   Code   RO         8153    i._list_mempool     cmd.o
    0x0800c098   0x000000d8   Code   RO         8154    i._list_msgqueue    cmd.o
    0x0800c170   0x000000ac   Code   RO         8155    i._list_mutex       cmd.o
    0x0800c21c   0x000000d4   Code   RO         8156    i._list_sem         cmd.o
    0x0800c2f0   0x00000118   Code   RO         8157    i._list_thread      cmd.o
    0x0800c408   0x000000f8   Code   RO         8158    i._list_timer       cmd.o
    0x0800c500   0x00000068   Code   RO         2364    i._read_block       msd.o
    0x0800c568   0x000000f0   Code   RO         7273    i._rt_scheduler_stack_check  scheduler.o
    0x0800c658   0x000000ec   Code   RO         7352    i._rt_thread_init   thread.o
    0x0800c744   0x00000042   Code   RO         7467    i._rt_timer_init    timer.o
    0x0800c786   0x0000002e   Code   RO         7468    i._rt_timer_remove  timer.o
    0x0800c7b4   0x000001a2   Code   RO         2365    i._send_cmd         msd.o
    0x0800c956   0x00000002   PAD
    0x0800c958   0x00000070   Code   RO         8091    i._spi_bus_device_control  spi_dev.o
    0x0800c9c8   0x0000005c   Code   RO         8092    i._spi_bus_device_init  spi_dev.o
    0x0800ca24   0x000000a8   Code   RO         8093    i._spi_bus_device_read  spi_dev.o
    0x0800cacc   0x000000a8   Code   RO         8094    i._spi_bus_device_write  spi_dev.o
    0x0800cb74   0x00000074   Code   RO         8095    i._spidev_device_control  spi_dev.o
    0x0800cbe8   0x00000060   Code   RO         8096    i._spidev_device_init  spi_dev.o
    0x0800cc48   0x000000ac   Code   RO         8097    i._spidev_device_read  spi_dev.o
    0x0800ccf4   0x000000ac   Code   RO         8098    i._spidev_device_write  spi_dev.o
    0x0800cda0   0x0000009c   Code   RO         2366    i._wait_ready       msd.o
    0x0800ce3c   0x000000ac   Code   RO         2367    i._wait_token       msd.o
    0x0800cee8   0x00000100   Code   RO         2368    i._write_block      msd.o
    0x0800cfe8   0x000001f0   Code   RO         1229    i.acc_altitude_intergral  thread_navigator.o
    0x0800d1d8   0x000001d0   Code   RO          402    i.adxl362_init      thread_acc.o
    0x0800d3a8   0x000001c4   Code   RO          403    i.adxl_get_data     thread_acc.o
    0x0800d56c   0x0000001c   Code   RO          404    i.adxl_isr_handle   thread_acc.o
    0x0800d588   0x0000008c   Code   RO          405    i.adxl_send         thread_acc.o
    0x0800d614   0x00000048   Code   RO          406    i.adxl_set_offset   thread_acc.o
    0x0800d65c   0x00000002   Code   RO          407    i.adxl_set_range    thread_acc.o
    0x0800d65e   0x00000002   PAD
    0x0800d660   0x00000064   Code   RO         1110    i.air_speed_decode  thread_expand.o
    0x0800d6c4   0x000000d0   Code   RO         1230    i.airpress_pid_computer  thread_navigator.o
    0x0800d794   0x0000002c   Code   RO         1231    i.airpress_pid_init  thread_navigator.o
    0x0800d7c0   0x000001d0   Code   RO         1232    i.altitude_pid_computer  thread_navigator.o
    0x0800d990   0x00000070   Code   RO         2003    i.assert_failed     startup.o
    0x0800da00   0x00000010   Code   RO        10338    i.atan              m_wm.l(atan.o)
    0x0800da10   0x000000bc   Code   RO         1111    i.battery_decode    thread_expand.o
    0x0800dacc   0x0000002a   Code   RO          799    i.calendar_hw_init  thread_calendar.o
    0x0800daf6   0x00000002   PAD
    0x0800daf8   0x00000014   Code   RO         1028    i.can_message_send  thread_canbus.o
    0x0800db0c   0x00000128   Code   RO         1030    i.canbus_hw_init    thread_canbus.o
    0x0800dc34   0x0000000c   Code   RO         1031    i.canbus_init       thread_canbus.o
    0x0800dc40   0x0000002c   Code   RO         1032    i.canbus_rx_handle  thread_canbus.o
    0x0800dc6c   0x0000000c   Code   RO         1033    i.canbus_sw_init    thread_canbus.o
    0x0800dc78   0x00000068   Code   RO         9304    i.cat               dfs_file.o
    0x0800dce0   0x00000058   Code   RO         9801    i.check_fs          ff.o
    0x0800dd38   0x00000040   Code   RO         1233    i.check_ppm_altitude_hold_sw  thread_navigator.o
    0x0800dd78   0x00000054   Code   RO         1234    i.check_ppm_ap_sw   thread_navigator.o
    0x0800ddcc   0x00000014   Code   RO         9802    i.chk_chr           ff.o
    0x0800dde0   0x000002b8   Code   RO         9803    i.chk_mounted       ff.o
    0x0800e098   0x000000c8   Code   RO          636    i.cl_sliding_windows_filter  thread_airpress.o
    0x0800e160   0x0000005c   Code   RO          858    i.clamp             thread_position.o
    0x0800e1bc   0x00000038   Code   RO         9804    i.clmt_clust        ff.o
    0x0800e1f4   0x00000044   Code   RO         9472    i.close             dfs_posix.o
    0x0800e238   0x0000001a   Code   RO         9805    i.clust2sect        ff.o
    0x0800e252   0x00000002   PAD
    0x0800e254   0x00000080   Code   RO         9806    i.cmp_lfn           ff.o
    0x0800e2d4   0x00000140   Code   RO         2294    i.configure         stm32f20x_40x_spi.o
    0x0800e414   0x00000288   Code   RO          932    i.controller_hw_init  thread_controller.o
    0x0800e69c   0x0000000c   Code   RO          933    i.controller_init   thread_controller.o
    0x0800e6a8   0x00000008   Code   RO          934    i.controller_sw_init  thread_controller.o
    0x0800e6b0   0x000000d4   Code   RO         9305    i.copy              dfs_file.o
    0x0800e784   0x000000a4   Code   RO           37    i.cpu_usage_get     cpuusage.o
    0x0800e828   0x000000cc   Code   RO           38    i.cpu_usage_idle_hook  cpuusage.o
    0x0800e8f4   0x00000010   Code   RO           39    i.cpu_usage_init    cpuusage.o
    0x0800e904   0x00000060   Code   RO         2369    i.crc7              msd.o
    0x0800e964   0x00000022   Code   RO         1402    i.crc_accumulate    thread_mavlink.o
    0x0800e986   0x000000ca   Code   RO         9807    i.create_chain      ff.o
    0x0800ea50   0x00000230   Code   RO         9808    i.create_name       ff.o
    0x0800ec80   0x0000000a   Code   RO           40    i.cu_init           cpuusage.o
    0x0800ec8a   0x00000002   PAD
    0x0800ec8c   0x00000084   Code   RO         9405    i.df                dfs_fs.o
    0x0800ed10   0x000000bc   Code   RO         9596    i.dfs_elm_close     dfs_elm.o
    0x0800edcc   0x0000006c   Code   RO         9597    i.dfs_elm_flush     dfs_elm.o
    0x0800ee38   0x00000138   Code   RO         9598    i.dfs_elm_getdents  dfs_elm.o
    0x0800ef70   0x00000008   Code   RO         9599    i.dfs_elm_ioctl     dfs_elm.o
    0x0800ef78   0x000000d8   Code   RO         9600    i.dfs_elm_lseek     dfs_elm.o
    0x0800f050   0x000000e4   Code   RO         9601    i.dfs_elm_mkfs      dfs_elm.o
    0x0800f134   0x000000c8   Code   RO         9602    i.dfs_elm_mount     dfs_elm.o
    0x0800f1fc   0x00000158   Code   RO         9603    i.dfs_elm_open      dfs_elm.o
    0x0800f354   0x00000090   Code   RO         9604    i.dfs_elm_read      dfs_elm.o
    0x0800f3e4   0x00000064   Code   RO         9605    i.dfs_elm_rename    dfs_elm.o
    0x0800f448   0x00000124   Code   RO         9606    i.dfs_elm_stat      dfs_elm.o
    0x0800f56c   0x000000e4   Code   RO         9607    i.dfs_elm_statfs    dfs_elm.o
    0x0800f650   0x0000005c   Code   RO         9608    i.dfs_elm_unlink    dfs_elm.o
    0x0800f6ac   0x00000098   Code   RO         9609    i.dfs_elm_unmount   dfs_elm.o
    0x0800f744   0x00000094   Code   RO         9610    i.dfs_elm_write     dfs_elm.o
    0x0800f7d8   0x00000038   Code   RO         9306    i.dfs_file_close    dfs_file.o
    0x0800f810   0x00000036   Code   RO         9308    i.dfs_file_getdents  dfs_file.o
    0x0800f846   0x00000036   Code   RO         9310    i.dfs_file_lseek    dfs_file.o
    0x0800f87c   0x000000e0   Code   RO         9311    i.dfs_file_open     dfs_file.o
    0x0800f95c   0x00000044   Code   RO         9312    i.dfs_file_read     dfs_file.o
    0x0800f9a0   0x000000bc   Code   RO         9314    i.dfs_file_stat     dfs_file.o
    0x0800fa5c   0x00000098   Code   RO         9315    i.dfs_file_unlink   dfs_file.o
    0x0800faf4   0x00000030   Code   RO         9316    i.dfs_file_write    dfs_file.o
    0x0800fb24   0x0000006c   Code   RO         9407    i.dfs_filesystem_lookup  dfs_fs.o
    0x0800fb90   0x00000048   Code   RO         9228    i.dfs_init          dfs.o
    0x0800fbd8   0x0000005c   Code   RO         9229    i.dfs_lock          dfs.o
    0x0800fc34   0x000000c4   Code   RO         9408    i.dfs_mkfs          dfs_fs.o
    0x0800fcf8   0x000001a4   Code   RO         9409    i.dfs_mount         dfs_fs.o
    0x0800fe9c   0x000001e0   Code   RO         9230    i.dfs_normalize_path  dfs.o
    0x0801007c   0x00000050   Code   RO         9410    i.dfs_register      dfs_fs.o
    0x080100cc   0x00000008   Code   RO        10118    i.dfs_romfs_close   dfs_romfs.o
    0x080100d4   0x000000f8   Code   RO        10119    i.dfs_romfs_getdents  dfs_romfs.o
    0x080101cc   0x00000010   Code   RO        10120    i.dfs_romfs_init    dfs_romfs.o
    0x080101dc   0x00000008   Code   RO        10121    i.dfs_romfs_ioctl   dfs_romfs.o
    0x080101e4   0x000000d8   Code   RO        10122    i.dfs_romfs_lookup  dfs_romfs.o
    0x080102bc   0x00000014   Code   RO        10123    i.dfs_romfs_lseek   dfs_romfs.o
    0x080102d0   0x00000016   Code   RO        10124    i.dfs_romfs_mount   dfs_romfs.o
    0x080102e6   0x0000005c   Code   RO        10125    i.dfs_romfs_open    dfs_romfs.o
    0x08010342   0x00000002   PAD
    0x08010344   0x0000009c   Code   RO        10126    i.dfs_romfs_read    dfs_romfs.o
    0x080103e0   0x00000058   Code   RO        10127    i.dfs_romfs_stat    dfs_romfs.o
    0x08010438   0x00000006   Code   RO        10128    i.dfs_romfs_unmount  dfs_romfs.o
    0x0801043e   0x00000028   Code   RO         9411    i.dfs_statfs        dfs_fs.o
    0x08010466   0x00000038   Code   RO         9231    i.dfs_subdir        dfs.o
    0x0801049e   0x00000002   PAD
    0x080104a0   0x00000010   Code   RO         9232    i.dfs_unlock        dfs.o
    0x080104b0   0x000000a0   Code   RO         9412    i.dfs_unmount       dfs_fs.o
    0x08010550   0x000000de   Code   RO         9809    i.dir_find          ff.o
    0x0801062e   0x00000142   Code   RO         9810    i.dir_next          ff.o
    0x08010770   0x000000be   Code   RO         9811    i.dir_read          ff.o
    0x0801082e   0x0000018c   Code   RO         9812    i.dir_register      ff.o
    0x080109ba   0x00000060   Code   RO         9813    i.dir_remove        ff.o
    0x08010a1a   0x000000dc   Code   RO         9814    i.dir_sdi           ff.o
    0x08010af6   0x00000006   Code   RO         9611    i.disk_initialize   dfs_elm.o
    0x08010afc   0x000000a0   Code   RO         9612    i.disk_ioctl        dfs_elm.o
    0x08010b9c   0x00000034   Code   RO         9613    i.disk_read         dfs_elm.o
    0x08010bd0   0x00000006   Code   RO         9614    i.disk_status       dfs_elm.o
    0x08010bd6   0x00000002   PAD
    0x08010bd8   0x00000034   Code   RO         9615    i.disk_write        dfs_elm.o
    0x08010c0c   0x00000024   Code   RO         9815    i.elm_get_vol       ff.o
    0x08010c30   0x00000010   Code   RO         9616    i.elm_init          dfs_elm.o
    0x08010c40   0x00000058   Code   RO         9617    i.elm_result_to_dfs  dfs_elm.o
    0x08010c98   0x00000090   Code   RO         1034    i.entry_thread_can_rx  thread_canbus.o
    0x08010d28   0x00000034   Code   RO         1035    i.entry_thread_can_tx  thread_canbus.o
    0x08010d5c   0x00000204   Code   RO          707    i.entry_thread_kml_log  thread_log.o
    0x08010f60   0x000003e8   Code   RO          708    i.entry_thread_quick_log  thread_log.o
    0x08011348   0x00000238   Code   RO          709    i.entry_thread_slow_log  thread_log.o
    0x08011580   0x00000064   Code   RO         1236    i.expectation_computer  thread_navigator.o
    0x080115e4   0x00000016   Code   RO         9817    i.f_close           ff.o
    0x080115fa   0x00000106   Code   RO         9818    i.f_getfree         ff.o
    0x08011700   0x00000390   Code   RO         9819    i.f_lseek           ff.o
    0x08011a90   0x00000172   Code   RO         9820    i.f_mkdir           ff.o
    0x08011c02   0x00000002   PAD
    0x08011c04   0x000004dc   Code   RO         9821    i.f_mkfs            ff.o
    0x080120e0   0x0000004c   Code   RO         9822    i.f_mount           ff.o
    0x0801212c   0x0000014e   Code   RO         9823    i.f_open            ff.o
    0x0801227a   0x0000008c   Code   RO         9824    i.f_opendir         ff.o
    0x08012306   0x0000025c   Code   RO         9825    i.f_read            ff.o
    0x08012562   0x00000082   Code   RO         9826    i.f_readdir         ff.o
    0x080125e4   0x00000138   Code   RO         9827    i.f_rename          ff.o
    0x0801271c   0x0000003c   Code   RO         9828    i.f_seekdir         ff.o
    0x08012758   0x00000062   Code   RO         9829    i.f_stat            ff.o
    0x080127ba   0x0000009e   Code   RO         9830    i.f_sync            ff.o
    0x08012858   0x000000ce   Code   RO         9832    i.f_unlink          ff.o
    0x08012926   0x0000029e   Code   RO         9834    i.f_write           ff.o
    0x08012bc4   0x00000018   Code   RO        10490    i.fabs              m_wm.l(fabs.o)
    0x08012bdc   0x00000040   Code   RO         9233    i.fd_get            dfs.o
    0x08012c1c   0x00000098   Code   RO         9234    i.fd_is_open        dfs.o
    0x08012cb4   0x00000044   Code   RO         9235    i.fd_new            dfs.o
    0x08012cf8   0x00000074   Code   RO         9236    i.fd_put            dfs.o
    0x08012d6c   0x0000004c   Code   RO        10089    i.ff_convert        ccsbcs.o
    0x08012db8   0x00000030   Code   RO         9618    i.ff_cre_syncobj    dfs_elm.o
    0x08012de8   0x00000010   Code   RO         9619    i.ff_del_syncobj    dfs_elm.o
    0x08012df8   0x0000000c   Code   RO         9620    i.ff_memalloc       dfs_elm.o
    0x08012e04   0x0000000c   Code   RO         9621    i.ff_memfree        dfs_elm.o
    0x08012e10   0x0000000c   Code   RO         9622    i.ff_rel_grant      dfs_elm.o
    0x08012e1c   0x00000018   Code   RO         9623    i.ff_req_grant      dfs_elm.o
    0x08012e34   0x00000038   Code   RO        10090    i.ff_wtoupper       ccsbcs.o
    0x08012e6c   0x0000003e   Code   RO         8396    i.finsh_block_insert  finsh_heap.o
    0x08012eaa   0x0000007c   Code   RO         8397    i.finsh_block_merge  finsh_heap.o
    0x08012f26   0x0000002e   Code   RO         8398    i.finsh_block_remove  finsh_heap.o
    0x08012f54   0x00000018   Code   RO         8399    i.finsh_block_split  finsh_heap.o
    0x08012f6c   0x00001654   Code   RO         8315    i.finsh_compile     finsh_compiler.o
    0x080145c0   0x00000068   Code   RO         8316    i.finsh_compiler_run  finsh_compiler.o
    0x08014628   0x0000000c   Code   RO         8362    i.finsh_errno       finsh_error.o
    0x08014634   0x0000000c   Code   RO         8363    i.finsh_error_init  finsh_error.o
    0x08014640   0x00000010   Code   RO         8364    i.finsh_error_set   finsh_error.o
    0x08014650   0x00000010   Code   RO         8365    i.finsh_error_string  finsh_error.o
    0x08014660   0x00000016   Code   RO         8449    i.finsh_flush       finsh_init.o
    0x08014676   0x00000002   PAD
    0x08014678   0x00000074   Code   RO         8400    i.finsh_heap_allocate  finsh_heap.o
    0x080146ec   0x0000002c   Code   RO         8401    i.finsh_heap_free   finsh_heap.o
    0x08014718   0x00000058   Code   RO         8402    i.finsh_heap_gc     finsh_heap.o
    0x08014770   0x00000030   Code   RO         8403    i.finsh_heap_init   finsh_heap.o
    0x080147a0   0x0000001e   Code   RO         8450    i.finsh_init        finsh_init.o
    0x080147be   0x00000002   PAD
    0x080147c0   0x0000003c   Code   RO         8485    i.finsh_node_allocate  finsh_node.o
    0x080147fc   0x00000014   Code   RO         8486    i.finsh_node_init   finsh_node.o
    0x08014810   0x0000001e   Code   RO         8487    i.finsh_node_new_char  finsh_node.o
    0x0801482e   0x00000076   Code   RO         8488    i.finsh_node_new_id  finsh_node.o
    0x080148a4   0x0000001e   Code   RO         8489    i.finsh_node_new_int  finsh_node.o
    0x080148c2   0x0000001e   Code   RO         8490    i.finsh_node_new_long  finsh_node.o
    0x080148e0   0x0000001e   Code   RO         8491    i.finsh_node_new_ptr  finsh_node.o
    0x080148fe   0x0000004a   Code   RO         8492    i.finsh_node_new_string  finsh_node.o
    0x08014948   0x00000010   Code   RO         8842    i.finsh_parser_init  finsh_parser.o
    0x08014958   0x000000dc   Code   RO         8843    i.finsh_parser_run  finsh_parser.o
    0x08014a34   0x000000c4   Code   RO         9130    i.finsh_run_line    shell.o
    0x08014af8   0x00000070   Code   RO         9131    i.finsh_rx_ind      shell.o
    0x08014b68   0x0000000c   Code   RO         8452    i.finsh_stack_bottom  finsh_init.o
    0x08014b74   0x0000005c   Code   RO         9090    i.finsh_syscall_lookup  finsh_vm.o
    0x08014bd0   0x00000014   Code   RO         9134    i.finsh_system_function_init  shell.o
    0x08014be4   0x000000c0   Code   RO         9135    i.finsh_system_init  shell.o
    0x08014ca4   0x00000014   Code   RO         9136    i.finsh_system_var_init  shell.o
    0x08014cb8   0x0000005c   Code   RO         9037    i.finsh_sysvar_lookup  finsh_var.o
    0x08014d14   0x000005dc   Code   RO         9137    i.finsh_thread_entry  shell.o
    0x080152f0   0x00000014   Code   RO         8954    i.finsh_token_init  finsh_token.o
    0x08015304   0x00000018   Code   RO         8955    i.finsh_token_token  finsh_token.o
    0x0801531c   0x0000015e   Code   RO         8317    i.finsh_type_check  finsh_compiler.o
    0x0801547a   0x00000002   PAD
    0x0801547c   0x00000014   Code   RO         9039    i.finsh_var_init    finsh_var.o
    0x08015490   0x00000078   Code   RO         9040    i.finsh_var_insert  finsh_var.o
    0x08015508   0x00000040   Code   RO         9041    i.finsh_var_lookup  finsh_var.o
    0x08015548   0x00000054   Code   RO         9091    i.finsh_vm_run      finsh_vm.o
    0x0801559c   0x00000060   Code   RO         9835    i.fit_lfn           ff.o
    0x080155fc   0x00000092   Code   RO         9836    i.follow_path       ff.o
    0x0801568e   0x00000002   PAD
    0x08015690   0x0000008c   Code   RO        10721    i.frexp             m_wm.l(frexp.o)
    0x0801571c   0x000002d4   Code   RO          859    i.from_euler_angle  thread_position.o
    0x080159f0   0x000000a8   Code   RO         9837    i.gen_numname       ff.o
    0x08015a98   0x00000660   Code   RO         1237    i.get_course        thread_navigator.o
    0x080160f8   0x00000024   Code   RO         9624    i.get_disk          dfs_elm.o
    0x0801611c   0x000001d0   Code   RO         1238    i.get_distance      thread_navigator.o
    0x080162ec   0x00000118   Code   RO         9838    i.get_fat           ff.o
    0x08016404   0x00000008   Code   RO         9625    i.get_fattime       dfs_elm.o
    0x0801640c   0x0000010a   Code   RO         9839    i.get_fileinfo      ff.o
    0x08016516   0x00000002   PAD
    0x08016518   0x00000088   Code   RO          324    i.gps_data_from_circle  thread_gps.o
    0x080165a0   0x00000074   Code   RO          325    i.gps_data_to_circle  thread_gps.o
    0x08016614   0x000000b8   Code   RO          326    i.gps_hw_init       thread_gps.o
    0x080166cc   0x00000290   Code   RO          327    i.gps_init          thread_gps.o
    0x0801695c   0x00000030   Code   RO          328    i.gps_send_cmd      thread_gps.o
    0x0801698c   0x00000358   Code   RO          329    i.gps_translate_gpgga  thread_gps.o
    0x08016ce4   0x000002dc   Code   RO          330    i.gps_translate_gprmc  thread_gps.o
    0x08016fc0   0x00000090   Code   RO          331    i.gps_translater    thread_gps.o
    0x08017050   0x00000294   Code   RO          475    i.gyro_auto_offset  thread_gyro.o
    0x080172e4   0x0000021c   Code   RO          476    i.gyro_get_data     thread_gyro.o
    0x08017500   0x0000001c   Code   RO          477    i.gyro_isr_handle   thread_gyro.o
    0x0801751c   0x00000100   Code   RO          265    i.heartbeat_hw_init  thread_heartbeat.o
    0x0801761c   0x0000000c   Code   RO          266    i.heartbeat_init    thread_heartbeat.o
    0x08017628   0x00000038   Code   RO          267    i.heartbeat_sw_init  thread_heartbeat.o
    0x08017660   0x00000010   Code   RO          268    i.heartbeat_timeout  thread_heartbeat.o
    0x08017670   0x00000020   Code   RO         8159    i.hello             cmd.o
    0x08017690   0x00000150   Code   RO          561    i.hmc5983_init      thread_compass.o
    0x080177e0   0x00000224   Code   RO          562    i.hmc_factor_init   thread_compass.o
    0x08017a04   0x000001a4   Code   RO          563    i.hmc_get_data      thread_compass.o
    0x08017ba8   0x0000001c   Code   RO          564    i.hmc_isr_handle    thread_compass.o
    0x08017bc4   0x00000084   Code   RO          565    i.hmc_send          thread_compass.o
    0x08017c48   0x00000074   Code   RO          408    i.interrupt_init    thread_acc.o
    0x08017cbc   0x00000078   Code   RO          478    i.interrupt_init    thread_gyro.o
    0x08017d34   0x00000074   Code   RO          566    i.interrupt_init    thread_compass.o
    0x08017da8   0x00000028   Code   RO         1239    i.key_init          thread_navigator.o
    0x08017dd0   0x00000058   Code   RO         1819    i.led_green_flash   application.o
    0x08017e28   0x00000024   Code   RO         1820    i.led_green_set     application.o
    0x08017e4c   0x00000058   Code   RO         1821    i.led_red_flash     application.o
    0x08017ea4   0x00000024   Code   RO         1822    i.led_red_set       application.o
    0x08017ec8   0x000000dc   Code   RO         8160    i.list              cmd.o
    0x08017fa4   0x00000010   Code   RO         8161    i.list_device       cmd.o
    0x08017fb4   0x00000010   Code   RO         8162    i.list_event        cmd.o
    0x08017fc4   0x00000010   Code   RO         8163    i.list_mailbox      cmd.o
    0x08017fd4   0x00000078   Code   RO         7029    i.list_mem          mem.o
    0x0801804c   0x00000010   Code   RO         8164    i.list_mempool      cmd.o
    0x0801805c   0x00000010   Code   RO         8165    i.list_msgqueue     cmd.o
    0x0801806c   0x00000010   Code   RO         8166    i.list_mutex        cmd.o
    0x0801807c   0x00000210   Code   RO         8167    i.list_prefix       cmd.o
    0x0801828c   0x00000010   Code   RO         8168    i.list_sem          cmd.o
    0x0801829c   0x00000010   Code   RO         8169    i.list_thread       cmd.o
    0x080182ac   0x00000010   Code   RO         8170    i.list_timer        cmd.o
    0x080182bc   0x0000008c   Code   RO         1240    i.litl_pid_computer  thread_navigator.o
    0x08018348   0x00000030   Code   RO         1241    i.litl_pid_init     thread_navigator.o
    0x08018378   0x0000000c   Code   RO         9840    i.lock_fs           ff.o
    0x08018384   0x00000010   Code   RO        10498    i.log               m_wm.l(log.o)
    0x08018394   0x00000014   Code   RO          710    i.log_init          thread_log.o
    0x080183a8   0x00000134   Code   RO         9317    i.ls                dfs_file.o
    0x080184dc   0x0000008a   Code   RO         9476    i.lseek             dfs_posix.o
    0x08018566   0x0000000e   Code   RO         2004    i.main              startup.o
    0x08018574   0x00000028   Code   RO         8844    i.make_sys_node     finsh_parser.o
    0x0801859c   0x00000024   Code   RO         1403    i.mavlink_finalize_message  thread_mavlink.o
    0x080185c0   0x00000098   Code   RO         1404    i.mavlink_finalize_message_chan  thread_mavlink.o
    0x08018658   0x00000014   Code   RO         1405    i.mavlink_get_channel_status  thread_mavlink.o
    0x0801866c   0x00000014   Code   RO         1406    i.mavlink_init      thread_mavlink.o
    0x08018680   0x00000070   Code   RO         1407    i.mavlink_msg_battery_status_pack  thread_mavlink.o
    0x080186f0   0x00000066   Code   RO         1408    i.mavlink_msg_global_position_int_pack  thread_mavlink.o
    0x08018756   0x00000068   Code   RO         1409    i.mavlink_msg_gps_raw_int_pack  thread_mavlink.o
    0x080187be   0x0000001a   Code   RO         1410    i.mavlink_msg_to_send_buffer  thread_mavlink.o
    0x080187d8   0x0000023c   Code   RO          479    i.max21000_init     thread_gyro.o
    0x08018a14   0x00000084   Code   RO          480    i.max_send          thread_gyro.o
    0x08018a98   0x0000001c   Code   RO          481    i.max_set_offset    thread_gyro.o
    0x08018ab4   0x0000022c   Code   RO          482    i.max_set_range     thread_gyro.o
    0x08018ce0   0x00000026   Code   RO         9841    i.mem_cmp           ff.o
    0x08018d06   0x00000050   Code   RO         9842    i.mem_cpy           ff.o
    0x08018d56   0x00000014   Code   RO         9843    i.mem_set           ff.o
    0x08018d6a   0x00000002   PAD
    0x08018d6c   0x00000060   Code   RO         9477    i.mkdir             dfs_posix.o
    0x08018dcc   0x00000010   Code   RO         9413    i.mkfs              dfs_fs.o
    0x08018ddc   0x00000072   Code   RO         9844    i.move_window       ff.o
    0x08018e4e   0x00000002   PAD
    0x08018e50   0x0000025c   Code   RO          637    i.ms5611_calculate  thread_airpress.o
    0x080190ac   0x00000058   Code   RO          638    i.ms5611_get_press  thread_airpress.o
    0x08019104   0x00000058   Code   RO          639    i.ms5611_get_temp   thread_airpress.o
    0x0801915c   0x00000090   Code   RO          640    i.ms5611_init       thread_airpress.o
    0x080191ec   0x000001e8   Code   RO          641    i.ms5611_parameter_get  thread_airpress.o
    0x080193d4   0x000000c4   Code   RO         2370    i.msd_init          msd.o
    0x08019498   0x0000036c   Code   RO          860    i.multiply          thread_position.o
    0x08019804   0x000000ec   Code   RO          861    i.normalize         thread_position.o
    0x080198f0   0x0000005e   Code   RO         9478    i.open              dfs_posix.o
    0x0801994e   0x00000002   PAD
    0x08019950   0x00000048   Code   RO         1112    i.opt_floaw_decode  thread_expand.o
    0x08019998   0x00000068   Code   RO         9845    i.pick_lfn          ff.o
    0x08019a00   0x000006d8   Code   RO          935    i.pid_computer      thread_controller.o
    0x0801a0d8   0x00000024   Code   RO          936    i.pid_reset         thread_controller.o
    0x0801a0fc   0x000001c0   Code   RO         1242    i.pitch_computer    thread_navigator.o
    0x0801a2bc   0x00000164   Code   RO         7030    i.plug_holes        mem.o
    0x0801a420   0x00000020   Code   RO          862    i.position_init     thread_position.o
    0x0801a440   0x00000010   Code   RO          863    i.position_release_start  thread_position.o
    0x0801a450   0x000000c4   Code   RO          864    i.posture_computer  thread_position.o
    0x0801a514   0x00000010   Code   RO         1165    i.ppm_can_update    thread_ppm.o
    0x0801a524   0x000000e4   Code   RO         1113    i.ppm_decode        thread_expand.o
    0x0801a608   0x000000b0   Code   RO         1166    i.ppm_hw_init       thread_ppm.o
    0x0801a6b8   0x0000000c   Code   RO         1167    i.ppm_init          thread_ppm.o
    0x0801a6c4   0x000000dc   Code   RO         1168    i.ppm_interrupt_handle  thread_ppm.o
    0x0801a7a0   0x00000074   Code   RO         1169    i.ppm_sw_init       thread_ppm.o
    0x0801a814   0x0000018c   Code   RO         6854    i.print_number      kservice.o
    0x0801a9a0   0x00000072   Code   RO         8845    i.proc_additive_expr  finsh_parser.o
    0x0801aa12   0x0000004c   Code   RO         8846    i.proc_and_expr     finsh_parser.o
    0x0801aa5e   0x00000038   Code   RO         8847    i.proc_assign_expr  finsh_parser.o
    0x0801aa96   0x0000004e   Code   RO         8848    i.proc_cast_expr    finsh_parser.o
    0x0801aae4   0x0000004c   Code   RO         8849    i.proc_exclusive_or_expr  finsh_parser.o
    0x0801ab30   0x0000000c   Code   RO         8850    i.proc_expr         finsh_parser.o
    0x0801ab3c   0x00000038   Code   RO         8851    i.proc_expr_statement  finsh_parser.o
    0x0801ab74   0x0000002c   Code   RO         8852    i.proc_identifier   finsh_parser.o
    0x0801aba0   0x0000004c   Code   RO         8853    i.proc_inclusive_or_expr  finsh_parser.o
    0x0801abec   0x0000008a   Code   RO         8854    i.proc_multiplicative_expr  finsh_parser.o
    0x0801ac76   0x0000004c   Code   RO         8855    i.proc_param_list   finsh_parser.o
    0x0801acc2   0x000000a2   Code   RO         8856    i.proc_postfix_expr  finsh_parser.o
    0x0801ad64   0x0000009e   Code   RO         8857    i.proc_primary_expr  finsh_parser.o
    0x0801ae02   0x00000074   Code   RO         8858    i.proc_shift_expr   finsh_parser.o
    0x0801ae76   0x000000fa   Code   RO         8859    i.proc_type         finsh_parser.o
    0x0801af70   0x000000be   Code   RO         8860    i.proc_unary_expr   finsh_parser.o
    0x0801b02e   0x000001da   Code   RO         8861    i.proc_variable_decl  finsh_parser.o
    0x0801b208   0x00000150   Code   RO         9846    i.put_fat           ff.o
    0x0801b358   0x00000088   Code   RO          937    i.pwm_output_update  thread_controller.o
    0x0801b3e0   0x00000048   Code   RO         1245    i.rad               thread_navigator.o
    0x0801b428   0x00000068   Code   RO         9847    i.remove_chain      ff.o
    0x0801b490   0x0000002c   Code   RO           78    i.return_time       time_measure.o
    0x0801b4bc   0x00000040   Code   RO          800    i.return_time_for_fatfs  thread_calendar.o
    0x0801b4fc   0x0000002c   Code   RO         9318    i.rm                dfs_file.o
    0x0801b528   0x000001b8   Code   RO         1246    i.roll_computer     thread_navigator.o
    0x0801b6e0   0x0000002c   Code   RO         1823    i.romfs_init        application.o
    0x0801b70c   0x00000030   Code   RO          409    i.rt_adxl362_init   thread_acc.o
    0x0801b73c   0x00000400   Code   RO         1824    i.rt_application_init  application.o
    0x0801bb3c   0x0000004c   Code   RO         7665    i.rt_components_board_init  components.o
    0x0801bb88   0x00000070   Code   RO         7666    i.rt_components_init  components.o
    0x0801bbf8   0x0000000c   Code   RO         6855    i.rt_console_get_device  kservice.o
    0x0801bc04   0x00000034   Code   RO         6856    i.rt_console_set_device  kservice.o
    0x0801bc38   0x0000008c   Code   RO         6429    i.rt_device_close   device.o
    0x0801bcc4   0x00000070   Code   RO         6430    i.rt_device_control  device.o
    0x0801bd34   0x00000050   Code   RO         6431    i.rt_device_find    device.o
    0x0801bd84   0x000000c0   Code   RO         6432    i.rt_device_init    device.o
    0x0801be44   0x00000088   Code   RO         6433    i.rt_device_init_all  device.o
    0x0801becc   0x0000012c   Code   RO         6434    i.rt_device_open    device.o
    0x0801bff8   0x00000090   Code   RO         6435    i.rt_device_read    device.o
    0x0801c088   0x00000032   Code   RO         6436    i.rt_device_register  device.o
    0x0801c0ba   0x00000002   PAD
    0x0801c0bc   0x00000060   Code   RO         6437    i.rt_device_set_rx_indicate  device.o
    0x0801c11c   0x00000060   Code   RO         6439    i.rt_device_unregister  device.o
    0x0801c17c   0x00000090   Code   RO         6440    i.rt_device_write   device.o
    0x0801c20c   0x00000020   Code   RO         7275    i.rt_enter_critical  scheduler.o
    0x0801c22c   0x0000000c   Code   RO         1825    i.rt_entry_thread_acc  application.o
    0x0801c238   0x0000000c   Code   RO         1826    i.rt_entry_thread_airpress  application.o
    0x0801c244   0x0000000c   Code   RO         1827    i.rt_entry_thread_calendar  application.o
    0x0801c250   0x0000000c   Code   RO         1828    i.rt_entry_thread_canbus  application.o
    0x0801c25c   0x0000000c   Code   RO         1829    i.rt_entry_thread_compass  application.o
    0x0801c268   0x0000000c   Code   RO         1830    i.rt_entry_thread_controller  application.o
    0x0801c274   0x0000000c   Code   RO         1831    i.rt_entry_thread_expand  application.o
    0x0801c280   0x0000000c   Code   RO         1832    i.rt_entry_thread_gps  application.o
    0x0801c28c   0x0000000c   Code   RO         1833    i.rt_entry_thread_gyro  application.o
    0x0801c298   0x0000000c   Code   RO         1834    i.rt_entry_thread_heartbeat  application.o
    0x0801c2a4   0x0000000c   Code   RO         1835    i.rt_entry_thread_log  application.o
    0x0801c2b0   0x0000000c   Code   RO         1836    i.rt_entry_thread_mavlink  application.o
    0x0801c2bc   0x0000000c   Code   RO         1837    i.rt_entry_thread_navigator  application.o
    0x0801c2c8   0x0000000c   Code   RO         1838    i.rt_entry_thread_position  application.o
    0x0801c2d4   0x0000000c   Code   RO         1839    i.rt_entry_thread_ppm  application.o
    0x0801c2e0   0x0000000c   Code   RO         1840    i.rt_entry_thread_sd  application.o
    0x0801c2ec   0x0000003c   Code   RO         7276    i.rt_exit_critical  scheduler.o
    0x0801c328   0x00000210   Code   RO         7032    i.rt_free           mem.o
    0x0801c538   0x00000034   Code   RO          567    i.rt_hmc5983_init   thread_compass.o
    0x0801c56c   0x00000020   Code   RO         2035    i.rt_hw_board_init  board.o
    0x0801c58c   0x00000002   Code   RO         6859    i.rt_hw_console_output  kservice.o
    0x0801c58e   0x00000002   PAD
    0x0801c590   0x00000110   Code   RO         7595    i.rt_hw_hard_fault_exception  cpuport.o
    0x0801c6a0   0x00000140   Code   RO         2071    i.rt_hw_serial_isr  serial.o
    0x0801c7e0   0x000000dc   Code   RO         2072    i.rt_hw_serial_register  serial.o
    0x0801c8bc   0x000000e0   Code   RO         2329    i.rt_hw_spi1_init   platform.o
    0x0801c99c   0x000001dc   Code   RO         2330    i.rt_hw_spi3_init   platform.o
    0x0801cb78   0x00000050   Code   RO         7596    i.rt_hw_stack_init  cpuport.o
    0x0801cbc8   0x000000bc   Code   RO         2254    i.rt_hw_usart_init  usart.o
    0x0801cc84   0x00000012   Code   RO         1841    i.rt_init_thread_entry  application.o
    0x0801cc96   0x00000002   PAD
    0x0801cc98   0x00000024   Code   RO         6825    i.rt_interrupt_enter  irq.o
    0x0801ccbc   0x0000000c   Code   RO         6826    i.rt_interrupt_get_nest  irq.o
    0x0801ccc8   0x00000024   Code   RO         6827    i.rt_interrupt_leave  irq.o
    0x0801ccec   0x00000018   Code   RO         6558    i.rt_ipc_list_resume  ipc.o
    0x0801cd04   0x00000032   Code   RO         6559    i.rt_ipc_list_resume_all  ipc.o
    0x0801cd36   0x0000006c   Code   RO         6560    i.rt_ipc_list_suspend  ipc.o
    0x0801cda2   0x00000010   Code   RO         6561    i.rt_ipc_object_init  ipc.o
    0x0801cdb2   0x00000002   PAD
    0x0801cdb4   0x00000068   Code   RO         6860    i.rt_kprintf        kservice.o
    0x0801ce1c   0x00000006   Code   RO         6562    i.rt_list_init      ipc.o
    0x0801ce22   0x00000006   Code   RO         7101    i.rt_list_init      mempool.o
    0x0801ce28   0x00000006   Code   RO         7277    i.rt_list_init      scheduler.o
    0x0801ce2e   0x00000006   Code   RO         7469    i.rt_list_init      timer.o
    0x0801ce34   0x0000000e   Code   RO         7171    i.rt_list_insert_after  object.o
    0x0801ce42   0x0000000e   Code   RO         7353    i.rt_list_insert_after  thread.o
    0x0801ce50   0x0000000e   Code   RO         7470    i.rt_list_insert_after  timer.o
    0x0801ce5e   0x0000000e   Code   RO         6563    i.rt_list_insert_before  ipc.o
    0x0801ce6c   0x00000010   Code   RO         6509    i.rt_list_isempty   idle.o
    0x0801ce7c   0x00000010   Code   RO         6564    i.rt_list_isempty   ipc.o
    0x0801ce8c   0x00000010   Code   RO         7471    i.rt_list_isempty   timer.o
    0x0801ce9c   0x00000010   Code   RO         8171    i.rt_list_isempty   cmd.o
    0x0801ceac   0x00000014   Code   RO         8172    i.rt_list_len       cmd.o
    0x0801cec0   0x00000012   Code   RO         7172    i.rt_list_remove    object.o
    0x0801ced2   0x00000012   Code   RO         7354    i.rt_list_remove    thread.o
    0x0801cee4   0x00000328   Code   RO         7034    i.rt_malloc         mem.o
    0x0801d20c   0x0000002c   Code   RO          483    i.rt_max21000_init  thread_gyro.o
    0x0801d238   0x0000007c   Code   RO         6863    i.rt_memcpy         kservice.o
    0x0801d2b4   0x00000042   Code   RO         6864    i.rt_memmove        kservice.o
    0x0801d2f6   0x00000048   Code   RO         6865    i.rt_memset         kservice.o
    0x0801d33e   0x00000002   PAD
    0x0801d340   0x00000148   Code   RO         7103    i.rt_mp_alloc       mempool.o
    0x0801d488   0x00000068   Code   RO         7108    i.rt_mp_free        mempool.o
    0x0801d4f0   0x000000c8   Code   RO         7110    i.rt_mp_init        mempool.o
    0x0801d5b8   0x000000bc   Code   RO         6577    i.rt_mq_init        ipc.o
    0x0801d674   0x000002bc   Code   RO         6578    i.rt_mq_recv        ipc.o
    0x0801d930   0x00000158   Code   RO         6579    i.rt_mq_send        ipc.o
    0x0801da88   0x00000014   Code   RO          642    i.rt_ms5611_init    thread_airpress.o
    0x0801da9c   0x00000006   Code   RO         2371    i.rt_msd_close      msd.o
    0x0801daa2   0x00000002   PAD
    0x0801daa4   0x00000080   Code   RO         2372    i.rt_msd_control    msd.o
    0x0801db24   0x000017fc   Code   RO         2373    i.rt_msd_init       msd.o
    0x0801f320   0x00000006   Code   RO         2374    i.rt_msd_open       msd.o
    0x0801f326   0x00000002   PAD
    0x0801f328   0x00000200   Code   RO         2375    i.rt_msd_read       msd.o
    0x0801f528   0x000001f8   Code   RO         2376    i.rt_msd_sdhc_read  msd.o
    0x0801f720   0x00000320   Code   RO         2377    i.rt_msd_sdhc_write  msd.o
    0x0801fa40   0x00000338   Code   RO         2378    i.rt_msd_write      msd.o
    0x0801fd78   0x000000bc   Code   RO         6582    i.rt_mutex_create   ipc.o
    0x0801fe34   0x000000d4   Code   RO         6583    i.rt_mutex_delete   ipc.o
    0x0801ff08   0x00000084   Code   RO         6585    i.rt_mutex_init     ipc.o
    0x0801ff8c   0x000001b8   Code   RO         6586    i.rt_mutex_release  ipc.o
    0x08020144   0x00000228   Code   RO         6587    i.rt_mutex_take     ipc.o
    0x0802036c   0x000000ec   Code   RO         7173    i.rt_object_allocate  object.o
    0x08020458   0x000000e0   Code   RO         7175    i.rt_object_delete  object.o
    0x08020538   0x00000088   Code   RO         7176    i.rt_object_detach  object.o
    0x080205c0   0x00000054   Code   RO         7180    i.rt_object_init    object.o
    0x08020614   0x0000006c   Code   RO         7181    i.rt_object_is_systemobject  object.o
    0x08020680   0x0000000c   Code   RO         2331    i.rt_platform_init  platform.o
    0x0802068c   0x000000a4   Code   RO         7278    i.rt_schedule       scheduler.o
    0x08020730   0x000000a4   Code   RO         7279    i.rt_schedule_insert_thread  scheduler.o
    0x080207d4   0x000000b0   Code   RO         7280    i.rt_schedule_remove_thread  scheduler.o
    0x08020884   0x00000074   Code   RO         6592    i.rt_sem_init       ipc.o
    0x080208f8   0x00000054   Code   RO         6593    i.rt_sem_release    ipc.o
    0x0802094c   0x000001e0   Code   RO         6594    i.rt_sem_take       ipc.o
    0x08020b2c   0x00000006   Code   RO         2073    i.rt_serial_close   serial.o
    0x08020b32   0x00000002   PAD
    0x08020b34   0x00000090   Code   RO         2074    i.rt_serial_control  serial.o
    0x08020bc4   0x00000078   Code   RO         2075    i.rt_serial_enable_dma  serial.o
    0x08020c3c   0x000000dc   Code   RO         2076    i.rt_serial_init    serial.o
    0x08020d18   0x00000006   Code   RO         2077    i.rt_serial_open    serial.o
    0x08020d1e   0x0000009e   Code   RO         2078    i.rt_serial_read    serial.o
    0x08020dbc   0x00000144   Code   RO         2079    i.rt_serial_write   serial.o
    0x08020f00   0x00000028   Code   RO         6866    i.rt_set_errno      kservice.o
    0x08020f28   0x000000b0   Code   RO         6867    i.rt_show_version   kservice.o
    0x08020fd8   0x00000026   Code   RO         6868    i.rt_snprintf       kservice.o
    0x08020ffe   0x0000004a   Code   RO         8018    i.rt_spi_bus_attach_device  spi_core.o
    0x08021048   0x00000090   Code   RO         8099    i.rt_spi_bus_device_init  spi_dev.o
    0x080210d8   0x00000032   Code   RO         8019    i.rt_spi_bus_register  spi_core.o
    0x0802110a   0x00000002   PAD
    0x0802110c   0x000000ac   Code   RO         8020    i.rt_spi_configure  spi_core.o
    0x080211b8   0x0000013c   Code   RO         8027    i.rt_spi_transfer   spi_core.o
    0x080212f4   0x00000090   Code   RO         8100    i.rt_spidev_device_init  spi_dev.o
    0x08021384   0x00000028   Code   RO         6872    i.rt_strdup         kservice.o
    0x080213ac   0x00000012   Code   RO         6873    i.rt_strlen         kservice.o
    0x080213be   0x00000028   Code   RO         6874    i.rt_strncmp        kservice.o
    0x080213e6   0x00000034   Code   RO         6875    i.rt_strncpy        kservice.o
    0x0802141a   0x00000002   PAD
    0x0802141c   0x00000184   Code   RO         7038    i.rt_system_heap_init  mem.o
    0x080215a0   0x00000002   Code   RO         7185    i.rt_system_object_init  object.o
    0x080215a2   0x00000002   PAD
    0x080215a4   0x00000050   Code   RO         7282    i.rt_system_scheduler_init  scheduler.o
    0x080215f4   0x00000030   Code   RO         7283    i.rt_system_scheduler_start  scheduler.o
    0x08021624   0x00000002   Code   RO         6391    i.rt_system_tick_init  clock.o
    0x08021626   0x00000002   PAD
    0x08021628   0x0000001c   Code   RO         7472    i.rt_system_timer_init  timer.o
    0x08021644   0x00000002   Code   RO         7473    i.rt_system_timer_thread_init  timer.o
    0x08021646   0x00000002   PAD
    0x08021648   0x000000c8   Code   RO         7355    i.rt_thread_control  thread.o
    0x08021710   0x00000050   Code   RO         7356    i.rt_thread_create  thread.o
    0x08021760   0x0000000c   Code   RO         7357    i.rt_thread_delay   thread.o
    0x0802176c   0x00000090   Code   RO         7358    i.rt_thread_delete  thread.o
    0x080217fc   0x000000ac   Code   RO         1842    i.rt_thread_entry_led1  application.o
    0x080218a8   0x0000001c   Code   RO         1843    i.rt_thread_entry_second  application.o
    0x080218c4   0x00000054   Code   RO         7360    i.rt_thread_exit    thread.o
    0x08021918   0x00000018   Code   RO         6510    i.rt_thread_idle_entry  idle.o
    0x08021930   0x00000100   Code   RO         6511    i.rt_thread_idle_excute  idle.o
    0x08021a30   0x0000003c   Code   RO         6512    i.rt_thread_idle_init  idle.o
    0x08021a6c   0x0000000c   Code   RO         6513    i.rt_thread_idle_sethook  idle.o
    0x08021a78   0x000000c0   Code   RO         7362    i.rt_thread_init    thread.o
    0x08021b38   0x00000098   Code   RO         7363    i.rt_thread_resume  thread.o
    0x08021bd0   0x000001c0   Code   RO          217    i.rt_thread_sd_hotswap  sd_hotswap.o
    0x08021d90   0x0000000c   Code   RO         7364    i.rt_thread_self    thread.o
    0x08021d9c   0x0000009c   Code   RO         7365    i.rt_thread_sleep   thread.o
    0x08021e38   0x000000cc   Code   RO         7366    i.rt_thread_startup  thread.o
    0x08021f04   0x00000090   Code   RO         7367    i.rt_thread_suspend  thread.o
    0x08021f94   0x000000c4   Code   RO         7368    i.rt_thread_timeout  thread.o
    0x08022058   0x00000060   Code   RO         7369    i.rt_thread_yield   thread.o
    0x080220b8   0x00000014   Code   RO         6392    i.rt_tick_from_millisecond  clock.o
    0x080220cc   0x0000000c   Code   RO         6393    i.rt_tick_get       clock.o
    0x080220d8   0x00000030   Code   RO         6394    i.rt_tick_increase  clock.o
    0x08022108   0x00000040   Code   RO         2379    i.rt_tick_timeout   msd.o
    0x08022148   0x0000009c   Code   RO         7474    i.rt_timer_check    timer.o
    0x080221e4   0x00000098   Code   RO         7475    i.rt_timer_control  timer.o
    0x0802227c   0x00000078   Code   RO         7479    i.rt_timer_detach   timer.o
    0x080222f4   0x00000084   Code   RO         7481    i.rt_timer_init     timer.o
    0x08022378   0x000001b4   Code   RO         7484    i.rt_timer_start    timer.o
    0x0802252c   0x000000a0   Code   RO         7485    i.rt_timer_stop     timer.o
    0x080225cc   0x00000328   Code   RO         6877    i.rt_vsnprintf      kservice.o
    0x080228f4   0x00000004   Code   RO         7667    i.rti_board_end     components.o
    0x080228f8   0x00000004   Code   RO         7668    i.rti_end           components.o
    0x080228fc   0x00000004   Code   RO         7669    i.rti_start         components.o
    0x08022900   0x00000040   Code   RO         2005    i.rtthread_startup  startup.o
    0x08022940   0x00000030   Code   RO         9138    i.shell_auto_complete  shell.o
    0x08022970   0x00000034   Code   RO         9139    i.shell_handle_history  shell.o
    0x080229a4   0x000000a2   Code   RO         9140    i.shell_push_history  shell.o
    0x08022a46   0x00000002   PAD
    0x08022a48   0x00000030   Code   RO         8173    i.show_wait_queue   cmd.o
    0x08022a78   0x00000026   Code   RO         6879    i.skip_atoi         kservice.o
    0x08022a9e   0x00000002   PAD
    0x08022aa0   0x000000c8   Code   RO          643    i.sliding_windows_filter  thread_airpress.o
    0x08022b68   0x00000130   Code   RO          410    i.sliding_windows_filter_3  thread_acc.o
    0x08022c98   0x00000130   Code   RO          484    i.sliding_windows_filter_3  thread_gyro.o
    0x08022dc8   0x00000130   Code   RO          568    i.sliding_windows_filter_3  thread_compass.o
    0x08022ef8   0x0000006e   Code   RO        10420    i.sqrt              m_wm.l(sqrt.o)
    0x08022f66   0x00000002   PAD
    0x08022f68   0x000000ec   Code   RO           79    i.start_measure_time  time_measure.o
    0x08023054   0x000000f0   Code   RO         2295    i.stm32_spi_register  stm32f20x_40x_spi.o
    0x08023144   0x00000020   Code   RO         8174    i.str_common        cmd.o
    0x08023164   0x00000022   Code   RO         8175    i.str_is_prefix     cmd.o
    0x08023186   0x00000020   Code   RO         9848    i.sum_sfn           ff.o
    0x080231a6   0x00000002   PAD
    0x080231a8   0x00000078   Code   RO         9849    i.sync              ff.o
    0x08023220   0x000000d8   Code   RO          801    i.system_time_update  thread_calendar.o
    0x080232f8   0x00000024   Code   RO         1247    i.target_altitude_from_current  thread_navigator.o
    0x0802331c   0x00000024   Code   RO         1248    i.target_position_from_current  thread_navigator.o
    0x08023340   0x000000a8   Code   RO          411    i.thread_acc        thread_acc.o
    0x080233e8   0x000001d4   Code   RO          644    i.thread_airpress   thread_airpress.o
    0x080235bc   0x000000ac   Code   RO          802    i.thread_calendar   thread_calendar.o
    0x08023668   0x00000054   Code   RO         1036    i.thread_can_rx_init  thread_canbus.o
    0x080236bc   0x00000060   Code   RO         1037    i.thread_can_tx_init  thread_canbus.o
    0x0802371c   0x0000000e   Code   RO         1038    i.thread_canbus     thread_canbus.o
    0x0802372a   0x00000002   PAD
    0x0802372c   0x00000204   Code   RO          569    i.thread_compass    thread_compass.o
    0x08023930   0x00000028   Code   RO          938    i.thread_controller  thread_controller.o
    0x08023958   0x00000038   Code   RO         1114    i.thread_expand     thread_expand.o
    0x08023990   0x00000048   Code   RO          332    i.thread_gps        thread_gps.o
    0x080239d8   0x000001b4   Code   RO          485    i.thread_gyro       thread_gyro.o
    0x08023b8c   0x000000e4   Code   RO          269    i.thread_heartbeat  thread_heartbeat.o
    0x08023c70   0x0000003c   Code   RO          711    i.thread_kml_log_init  thread_log.o
    0x08023cac   0x00000016   Code   RO          712    i.thread_log        thread_log.o
    0x08023cc2   0x00000002   PAD
    0x08023cc4   0x000005a8   Code   RO         1411    i.thread_mavlink    thread_mavlink.o
    0x0802426c   0x0000057c   Code   RO         1249    i.thread_navigator  thread_navigator.o
    0x080247e8   0x00001200   Code   RO          865    i.thread_position   thread_position.o
    0x080259e8   0x000001c4   Code   RO         1171    i.thread_ppm        thread_ppm.o
    0x08025bac   0x00000040   Code   RO          713    i.thread_quick_log_init  thread_log.o
    0x08025bec   0x00000040   Code   RO          714    i.thread_slow_log_init  thread_log.o
    0x08025c2c   0x00000024   Code   RO          486    i.tim7_isr_handle   thread_gyro.o
    0x08025c50   0x00000054   Code   RO          715    i.time_printf       thread_log.o
    0x08025ca4   0x00000050   Code   RO         1412    i.timeout           thread_mavlink.o
    0x08025cf4   0x00000058   Code   RO         1844    i.timeout_gre       application.o
    0x08025d4c   0x00000058   Code   RO         1845    i.timeout_red       application.o
    0x08025da4   0x00000048   Code   RO         1115    i.timer_expand_timeout  thread_expand.o
    0x08025dec   0x00000040   Code   RO          939    i.timer_init        thread_controller.o
    0x08025e2c   0x00000030   Code   RO         1172    i.timer_ppm_timeout  thread_ppm.o
    0x08025e5c   0x00000010   Code   RO          940    i.timer_timeout     thread_controller.o
    0x08025e6c   0x0000025c   Code   RO          866    i.to_euler_angle    thread_position.o
    0x080260c8   0x00000078   Code   RO         8956    i.token_get_string  finsh_token.o
    0x08026140   0x00000034   Code   RO         8957    i.token_match_name  finsh_token.o
    0x08026174   0x0000003e   Code   RO         8958    i.token_next_char   finsh_token.o
    0x080261b2   0x00000016   Code   RO         8959    i.token_prev_char   finsh_token.o
    0x080261c8   0x000000a2   Code   RO         8960    i.token_proc_char   finsh_token.o
    0x0802626a   0x000000ae   Code   RO         8961    i.token_proc_escape  finsh_token.o
    0x08026318   0x00000104   Code   RO         8962    i.token_proc_number  finsh_token.o
    0x0802641c   0x00000050   Code   RO         8963    i.token_proc_string  finsh_token.o
    0x0802646c   0x0000019e   Code   RO         8964    i.token_run         finsh_token.o
    0x0802660a   0x00000098   Code   RO         8965    i.token_spec_number  finsh_token.o
    0x080266a2   0x00000022   Code   RO         8966    i.token_trim_space  finsh_token.o
    0x080266c4   0x0000004c   Code   RO          333    i.uart4_interrupt_handler  thread_gps.o
    0x08026710   0x000000d0   Code   RO         1250    i.ult_pid_computer  thread_navigator.o
    0x080267e0   0x00000030   Code   RO         1251    i.ult_pid_init      thread_navigator.o
    0x08026810   0x0000005c   Code   RO         1116    i.ultrasonic_ranging_decode  thread_expand.o
    0x0802686c   0x0000001e   Code   RO         9850    i.unlock_fs         ff.o
    0x0802688a   0x00000002   PAD
    0x0802688c   0x0000006c   Code   RO         1252    i.update_current_point  thread_navigator.o
    0x080268f8   0x00000036   Code   RO         9851    i.validate          ff.o
    0x0802692e   0x000000da   Code   RO         1253    i.vecter_from_waypoint  thread_navigator.o
    0x08026a08   0x0000000a   Code   RO         8176    i.version           cmd.o
    0x08026a12   0x00000002   PAD
    0x08026a14   0x0000006c   Code   RO          716    i.working_dir_make  thread_log.o
    0x08026a80   0x00000050   Code   RO         9490    i.write             dfs_posix.o
    0x08026ad0   0x0000005c   Code   RO          941    i.xcopter_can_output  thread_controller.o
    0x08026b2c   0x0000037c   Code   RO          942    i.xcopter_control_mixer  thread_controller.o
    0x08026ea8   0x000000e0   Code   RO          943    i.xcopter_pid_init  thread_controller.o
    0x08026f88   0x00000154   Code   RO         2296    i.xfer              stm32f20x_40x_spi.o
    0x080270dc   0x0000018c   Code   RO         1254    i.yaw_computer      thread_navigator.o
    0x08027268   0x0000002c   Code   RO        10597    locale$$code        c_w.l(lc_numeric_c.o)
    0x08027294   0x0000002c   Code   RO        10614    locale$$code        c_w.l(lc_ctype_c.o)
    0x080272c0   0x00000018   Code   RO        10278    x$fpl$basic         fz_wm.l(basic.o)
    0x080272d8   0x00000062   Code   RO        10280    x$fpl$d2f           fz_wm.l(d2f.o)
    0x0802733a   0x00000002   PAD
    0x0802733c   0x00000150   Code   RO        10282    x$fpl$dadd          fz_wm.l(daddsub_clz.o)
    0x0802748c   0x00000010   Code   RO        10599    x$fpl$dcheck1       fz_wm.l(dcheck1.o)
    0x0802749c   0x00000018   Code   RO        10468    x$fpl$dcmpinf       fz_wm.l(dcmpi.o)
    0x080274b4   0x000002b0   Code   RO        10289    x$fpl$ddiv          fz_wm.l(ddiv.o)
    0x08027764   0x00000078   Code   RO        10292    x$fpl$deqf          fz_wm.l(deqf.o)
    0x080277dc   0x0000005e   Code   RO        10294    x$fpl$dfix          fz_wm.l(dfix.o)
    0x0802783a   0x00000002   PAD
    0x0802783c   0x0000005a   Code   RO        10298    x$fpl$dfixu         fz_wm.l(dfixu.o)
    0x08027896   0x0000002e   Code   RO        10303    x$fpl$dflt          fz_wm.l(dflt_clz.o)
    0x080278c4   0x000000a2   Code   RO        10308    x$fpl$dfltll        fz_wm.l(dfltll_clz.o)
    0x08027966   0x00000026   Code   RO        10302    x$fpl$dfltu         fz_wm.l(dflt_clz.o)
    0x0802798c   0x00000078   Code   RO        10312    x$fpl$dleqf         fz_wm.l(dleqf.o)
    0x08027a04   0x00000154   Code   RO        10314    x$fpl$dmul          fz_wm.l(dmul.o)
    0x08027b58   0x0000009c   Code   RO        10470    x$fpl$dnaninf       fz_wm.l(dnaninf.o)
    0x08027bf4   0x0000000c   Code   RO        10472    x$fpl$dretinf       fz_wm.l(dretinf.o)
    0x08027c00   0x0000006c   Code   RO        10316    x$fpl$drleqf        fz_wm.l(drleqf.o)
    0x08027c6c   0x00000016   Code   RO        10283    x$fpl$drsb          fz_wm.l(daddsub_clz.o)
    0x08027c82   0x00000002   PAD
    0x08027c84   0x00000198   Code   RO        10474    x$fpl$dsqrt         fz_wm.l(dsqrt_umaal.o)
    0x08027e1c   0x000001d4   Code   RO        10284    x$fpl$dsub          fz_wm.l(daddsub_clz.o)
    0x08027ff0   0x00000056   Code   RO        10318    x$fpl$f2d           fz_wm.l(f2d.o)
    0x08028046   0x0000008c   Code   RO        10476    x$fpl$fnaninf       fz_wm.l(fnaninf.o)
    0x080280d2   0x0000000a   Code   RO        10680    x$fpl$fpinit        fz_wm.l(fpinit.o)
    0x080280dc   0x0000000a   Code   RO        10478    x$fpl$fretinf       fz_wm.l(fretinf.o)
    0x080280e6   0x00000004   Code   RO        10320    x$fpl$printf1       fz_wm.l(printf1.o)
    0x080280ea   0x00000064   Code   RO        10667    x$fpl$retnan        fz_wm.l(retnan.o)
    0x0802814e   0x0000005c   Code   RO        10480    x$fpl$scalbn        fz_wm.l(scalbn.o)
    0x080281aa   0x00000004   Code   RO        10603    x$fpl$scanf1        fz_wm.l(scanf1.o)
    0x080281ae   0x00000008   Code   RO        10682    x$fpl$scanf2        fz_wm.l(scanf2.o)
    0x080281b6   0x00000030   Code   RO        10688    x$fpl$trapveneer    fz_wm.l(trapv.o)
    0x080281e6   0x00000000   Code   RO        10482    x$fpl$usenofp       fz_wm.l(usenofp.o)
    0x080281e6   0x00000016   Data   RO           41    .constdata          cpuusage.o
    0x080281fc   0x00000008   Data   RO          335    .constdata          thread_gps.o
    0x08028204   0x00000030   Data   RO          413    .constdata          thread_acc.o
    0x08028234   0x00000062   Data   RO          488    .constdata          thread_gyro.o
    0x08028296   0x00000002   PAD
    0x08028298   0x0000002e   Data   RO          571    .constdata          thread_compass.o
    0x080282c6   0x0000000f   Data   RO          646    .constdata          thread_airpress.o
    0x080282d5   0x00000026   Data   RO          945    .constdata          thread_controller.o
    0x080282fb   0x0000000b   Data   RO         1847    .constdata          application.o
    0x08028306   0x00000085   Data   RO         2080    .constdata          serial.o
    0x0802838b   0x0000000f   Data   RO         2381    .constdata          msd.o
    0x0802839a   0x000000a8   Data   RO         6441    .constdata          device.o
    0x08028442   0x00000016   Data   RO         6515    .constdata          idle.o
    0x08028458   0x000001d7   Data   RO         6596    .constdata          ipc.o
    0x0802862f   0x00000122   Data   RO         6881    .constdata          kservice.o
    0x08028751   0x0000006d   Data   RO         7040    .constdata          mem.o
    0x080287be   0x0000003e   Data   RO         7111    .constdata          mempool.o
    0x080287fc   0x0000005e   Data   RO         7186    .constdata          object.o
    0x0802885a   0x0000004e   Data   RO         7285    .constdata          scheduler.o
    0x080288a8   0x000000aa   Data   RO         7370    .constdata          thread.o
    0x08028952   0x0000005c   Data   RO         7487    .constdata          timer.o
    0x080289ae   0x00000020   Data   RO         7670    .constdata          components.o
    0x080289ce   0x000000a3   Data   RO         8029    .constdata          spi_core.o
    0x08028a71   0x000000d9   Data   RO         8101    .constdata          spi_dev.o
    0x08028b4a   0x00000002   PAD
    0x08028b4c   0x00000200   Data   RO         8177    .constdata          cmd.o
    0x08028d4c   0x000000c4   Data   RO         8590    .constdata          finsh_ops.o
    0x08028e10   0x00000040   Data   RO         8967    .constdata          finsh_token.o
    0x08028e50   0x00000072   Data   RO         9142    .constdata          shell.o
    0x08028ec2   0x0000002c   Data   RO         9238    .constdata          dfs.o
    0x08028eee   0x00000073   Data   RO         9320    .constdata          dfs_file.o
    0x08028f61   0x00000046   Data   RO         9414    .constdata          dfs_fs.o
    0x08028fa7   0x00000019   Data   RO         9491    .constdata          dfs_posix.o
    0x08028fc0   0x000000c2   Data   RO         9626    .constdata          dfs_elm.o
    0x08029082   0x000000ba   Data   RO         9852    .constdata          ff.o
    0x0802913c   0x000004c0   Data   RO        10091    .constdata          ccsbcs.o
    0x080295fc   0x00000075   Data   RO        10129    .constdata          dfs_romfs.o
    0x08029671   0x00000003   PAD
    0x08029674   0x00000078   Data   RO        10195    .constdata          romfs.o
    0x080296ec   0x00000011   Data   RO        10237    .constdata          c_w.l(__printf_flags_wp.o)
    0x080296fd   0x00000003   PAD
    0x08029700   0x00000050   Data   RO        10325    .constdata          m_wm.l(asin.o)
    0x08029750   0x00000098   Data   RO        10339    .constdata          m_wm.l(atan.o)
    0x080297e8   0x00000088   Data   RO        10395    .constdata          m_wm.l(pow.o)
    0x08029870   0x0000000c   Data   RO        10467    .constdata          c_w.l(_monlen.o)
    0x0802987c   0x00000004   PAD
    0x08029880   0x00000030   Data   RO        10484    .constdata          m_wm.l(cos_i.o)
    0x080298b0   0x00000038   Data   RO        10499    .constdata          m_wm.l(log.o)
    0x080298e8   0x00000008   Data   RO        10512    .constdata          m_wm.l(qnan.o)
    0x080298f0   0x000000c8   Data   RO        10515    .constdata          m_wm.l(rred.o)
    0x080299b8   0x00000028   Data   RO        10519    .constdata          m_wm.l(sin_i.o)
    0x080299e0   0x00000060   Data   RO        10525    .constdata          m_wm.l(tan_i.o)
    0x08029a40   0x00000094   Data   RO        10572    .constdata          c_w.l(bigflt0.o)
    0x08029ad4   0x000005a4   Data   RO          718    .conststring        thread_log.o
    0x0802a078   0x00000088   Data   RO         2382    .conststring        msd.o
    0x0802a100   0x000000ed   Data   RO         7041    .conststring        mem.o
    0x0802a1ed   0x00000003   PAD
    0x0802a1f0   0x0000019d   Data   RO         8178    .conststring        cmd.o
    0x0802a38d   0x00000003   PAD
    0x0802a390   0x000000f3   Data   RO         8366    .conststring        finsh_error.o
    0x0802a483   0x00000001   PAD
    0x0802a484   0x0000003e   Data   RO         8968    .conststring        finsh_token.o
    0x0802a4c2   0x00000002   PAD
    0x0802a4c4   0x00000004   Data   RO         9627    .conststring        dfs_elm.o
    0x0802a4c8   0x00000004   Data   RO        10130    .conststring        dfs_romfs.o
    0x0802a4cc   0x0000001a   Data   RO        10196    .conststring        romfs.o
    0x0802a4e6   0x00000002   PAD
    0x0802a4e8   0x00000008   Data   RO         7671    .rti_fn.0           components.o
    0x0802a4f0   0x00000008   Data   RO         7672    .rti_fn.1.post      components.o
    0x0802a4f8   0x00000008   Data   RO           43    .rti_fn.2           cpuusage.o
    0x0802a500   0x00000008   Data   RO         9144    .rti_fn.3           shell.o
    0x0802a508   0x00000008   Data   RO         9239    .rti_fn.3           dfs.o
    0x0802a510   0x00000008   Data   RO         9629    .rti_fn.4           dfs_elm.o
    0x0802a518   0x00000008   Data   RO        10131    .rti_fn.4           dfs_romfs.o
    0x0802a520   0x00000008   Data   RO         1849    .rti_fn.5           application.o
    0x0802a528   0x00000008   Data   RO          415    .rti_fn.6           thread_acc.o
    0x0802a530   0x00000008   Data   RO          490    .rti_fn.6           thread_gyro.o
    0x0802a538   0x00000008   Data   RO          573    .rti_fn.6           thread_compass.o
    0x0802a540   0x00000008   Data   RO          648    .rti_fn.6           thread_airpress.o
    0x0802a548   0x00000008   Data   RO         7673    .rti_fn.7           components.o
    0x0802a550   0x0000000c   Data   RO          947    FSymTab             thread_controller.o
    0x0802a55c   0x0000000c   Data   RO         7043    FSymTab             mem.o
    0x0802a568   0x00000090   Data   RO         8180    FSymTab             cmd.o
    0x0802a5f8   0x00000030   Data   RO         9321    FSymTab             dfs_file.o
    0x0802a628   0x00000018   Data   RO         9415    FSymTab             dfs_fs.o
    0x0802a640   0x0000000c   Data   RO         9492    FSymTab             dfs_posix.o
    0x0802a64c   0x00000020   Data   RO        10798    Region$$Table       anon$$obj.o
    0x0802a66c   0x00000010   Data   RO         8181    VSymTab             cmd.o
    0x0802a67c   0x00000008   Data   RO        10677    c$$dinf             fz_wm.l(fpconst.o)
    0x0802a684   0x0000001c   Data   RO        10596    locale$$data        c_w.l(lc_numeric_c.o)
    0x0802a6a0   0x00000110   Data   RO        10613    locale$$data        c_w.l(lc_ctype_c.o)


    Execution Region RW_IRAM2 (Base: 0x10000000, Size: 0x00000000, Max: 0x00010000, ABSOLUTE)

    **** No section assigned to this execution region ****


    Execution Region RW_IRAM1 (Base: 0x20000000, Size: 0x0000d008, Max: 0x00020000, ABSOLUTE, COMPRESSED[0x000000e4])

    Base Addr    Size         Type   Attr      Idx    E Section Name        Object

    0x20000000   0x00000008   Data   RW           42    .data               cpuusage.o
    0x20000008   0x00000010   Data   RW          271    .data               thread_heartbeat.o
    0x20000018   0x00000030   Data   RW          336    .data               thread_gps.o
    0x20000048   0x00000034   Data   RW          414    .data               thread_acc.o
    0x2000007c   0x0000004c   Data   RW          489    .data               thread_gyro.o
    0x200000c8   0x0000001c   Data   RW          572    .data               thread_compass.o
    0x200000e4   0x00000004   PAD
    0x200000e8   0x00000058   Data   RW          647    .data               thread_airpress.o
    0x20000140   0x00000010   Data   RW          803    .data               thread_calendar.o
    0x20000150   0x0000002c   Data   RW          869    .data               thread_position.o
    0x2000017c   0x0000000c   Data   RW          946    .data               thread_controller.o
    0x20000188   0x00000008   Data   RW         1118    .data               thread_expand.o
    0x20000190   0x00000010   Data   RW         1174    .data               thread_ppm.o
    0x200001a0   0x000000a4   Data   RW         1256    .data               thread_navigator.o
    0x20000244   0x00000020   Data   RW         1414    .data               thread_mavlink.o
    0x20000264   0x00000020   Data   RW         1848    .data               application.o
    0x20000284   0x0000001c   Data   RW         2256    .data               usart.o
    0x200002a0   0x00000009   Data   RW         2297    .data               stm32f20x_40x_spi.o
    0x200002a9   0x00000003   PAD
    0x200002ac   0x00000028   Data   RW         2333    .data               platform.o
    0x200002d4   0x00000014   Data   RW         2474    .data               system_stm32f4xx.o
    0x200002e8   0x00000010   Data   RW         4549    .data               stm32f4xx_rcc.o
    0x200002f8   0x00000004   Data   RW         6396    .data               clock.o
    0x200002fc   0x00000004   Data   RW         6516    .data               idle.o
    0x20000300   0x00000001   Data   RW         6828    .data               irq.o
    0x20000301   0x00000003   PAD
    0x20000304   0x00000008   Data   RW         6882    .data               kservice.o
    0x2000030c   0x00000020   Data   RW         7042    .data               mem.o
    0x2000032c   0x00000008   Data   RW         7112    .data               mempool.o
    0x20000334   0x000000a4   Data   RW         7187    .data               object.o
    0x200003d8   0x0000001c   Data   RW         7286    .data               scheduler.o
    0x200003f4   0x00000010   Data   RW         7488    .data               timer.o
    0x20000404   0x00000010   Data   RW         7598    .data               cpuport.o
    0x20000414   0x00000004   Data   RW         8179    .data               cmd.o
    0x20000418   0x00000008   Data   RW         8318    .data               finsh_compiler.o
    0x20000420   0x00000040   Data   RW         8367    .data               finsh_error.o
    0x20000460   0x00000008   Data   RW         8405    .data               finsh_heap.o
    0x20000468   0x00000004   Data   RW         9043    .data               finsh_var.o
    0x2000046c   0x0000000c   Data   RW         9093    .data               finsh_vm.o
    0x20000478   0x00000004   Data   RW         9143    .data               shell.o
    0x2000047c   0x00000010   Data   RW         9215    .data               symbol.o
    0x2000048c   0x00000008   Data   RW         9628    .data               dfs_elm.o
    0x20000494   0x0000000a   Data   RW         9853    .data               ff.o
    0x2000049e   0x00000002   PAD
    0x200004a0   0x00000540   Zero   RW            1    .bss                struct_all.o
    0x200009e0   0x00000080   Zero   RW           81    .bss                time_measure.o
    0x20000a60   0x0000004c   Zero   RW          270    .bss                thread_heartbeat.o
    0x20000aac   0x00000271   Zero   RW          334    .bss                thread_gps.o
    0x20000d1d   0x00000003   PAD
    0x20000d20   0x00000214   Zero   RW          412    .bss                thread_acc.o
    0x20000f34   0x000001b4   Zero   RW          487    .bss                thread_gyro.o
    0x200010e8   0x00000204   Zero   RW          570    .bss                thread_compass.o
    0x200012ec   0x00000004   PAD
    0x200012f0   0x00000200   Zero   RW          645    .bss                thread_airpress.o
    0x200014f0   0x000031c0   Zero   RW          717    .bss                thread_log.o
    0x200046b0   0x00000058   Zero   RW          868    .bss                thread_position.o
    0x20004708   0x0000004c   Zero   RW          944    .bss                thread_controller.o
    0x20004754   0x00000004   PAD
    0x20004758   0x00000d80   Zero   RW         1039    .bss                thread_canbus.o
    0x200054d8   0x0000002c   Zero   RW         1117    .bss                thread_expand.o
    0x20005504   0x000000d8   Zero   RW         1173    .bss                thread_ppm.o
    0x200055dc   0x00000004   PAD
    0x200055e0   0x00000104   Zero   RW         1255    .bss                thread_navigator.o
    0x200056e4   0x00000004   PAD
    0x200056e8   0x000002c8   Zero   RW         1413    .bss                thread_mavlink.o
    0x200059b0   0x00005658   Zero   RW         1846    .bss                application.o
    0x2000b008   0x00000110   Zero   RW         2255    .bss                usart.o
    0x2000b118   0x0000028c   Zero   RW         2332    .bss                platform.o
    0x2000b3a4   0x00000058   Zero   RW         2380    .bss                msd.o
    0x2000b3fc   0x00000004   PAD
    0x2000b400   0x00000480   Zero   RW         6514    .bss                idle.o
    0x2000b880   0x00000100   Zero   RW         6880    .bss                kservice.o
    0x2000b980   0x00000020   Zero   RW         7039    .bss                mem.o
    0x2000b9a0   0x00000100   Zero   RW         7284    .bss                scheduler.o
    0x2000baa0   0x00000080   Zero   RW         8404    .bss                finsh_heap.o
    0x2000bb20   0x00000140   Zero   RW         8493    .bss                finsh_node.o
    0x2000bc60   0x000000c0   Zero   RW         9042    .bss                finsh_var.o
    0x2000bd20   0x00000180   Zero   RW         9092    .bss                finsh_vm.o
    0x2000bea0   0x00000880   Zero   RW         9141    .bss                shell.o
    0x2000c720   0x00000164   Zero   RW         9237    .bss                dfs.o
    0x2000c884   0x00000124   Zero   RW         9319    .bss                dfs_file.o
    0x2000c9a8   0x00000060   Zero   RW        10531    .bss                c_w.l(libspace.o)
    0x2000ca08   0x00000200   Zero   RW         6385    HEAP                startup_stm32f4xx.o
    0x2000cc08   0x00000400   Zero   RW         6384    STACK               startup_stm32f4xx.o


==============================================================================

Image component sizes


      Code (inc. data)   RO Data    RW Data    ZI Data      Debug   Object Name

      1902        520         19         32      22104      20611   application.o
       178         18          0          0          0      20825   board.o
       132         16       1216          0          0       3075   ccsbcs.o
        82         12          0          4          0       2582   clock.o
      3068       1318       1085          4          0      22659   cmd.o
       200        106         56          0          0       5673   components.o
       272         24          0          0          0        876   context_rvds.o
       352        166          0         16          0       3870   cpuport.o
       394        104         30          8          0       3619   cpuusage.o
      1490        620        168          0          0      10203   device.o
      1116        252         52          0        356      12976   dfs.o
      3308        640        206          8          0      32968   dfs_elm.o
      1512        208        163          0        292      11767   dfs_file.o
      1152        166         94          0          0       9404   dfs_fs.o
       476          4         37          0          0       5314   dfs_posix.o
       880        134        129          0          0      10658   dfs_romfs.o
     10856        166        186         10          0      51674   ff.o
      6170        156          0          8          0      12158   finsh_compiler.o
        56         22        243         64          0       3295   finsh_error.o
       552         42          0          8        128       6907   finsh_heap.o
        64          6          0          0          0       2480   finsh_init.o
       392          8          0          0        320       6926   finsh_node.o
      3038        294        196          0          0      31250   finsh_ops.o
      2428         32          0          0          0      18599   finsh_parser.o
      1576         16        126          0          0      11502   finsh_token.o
       296         32          0          4        192       8454   finsh_var.o
       176         36          0         12        384       7543   finsh_vm.o
       368        112         22          4       1152       4799   idle.o
      3670       1070        471          0          0      35876   ipc.o
        84         18          0          1          0       2418   irq.o
      2154        182        290          8        256      16138   kservice.o
      2200        792        358         32         32       7900   mem.o
       638        142         62          8          0       7385   mempool.o
       568        230          0          0          0       3499   misc.o
     10534       3138        151          0         88      19963   msd.o
       822        316         94        164          0       8421   object.o
       712        132          0         40        652       2559   platform.o
         0          0        146          0          0       1510   romfs.o
       970        344         78         28        256       8278   scheduler.o
       448        202          0          0          0       7807   sd_hotswap.o
      1518        396        133          0          0       9541   serial.o
      2302        342        122          4       2176      10745   shell.o
       612        140        163          0          0      10298   spi_core.o
      1384        668        217          0          0       8913   spi_dev.o
       190         90          0          0          0       2443   startup.o
        64         26        392          0       1536        976   startup_stm32f4xx.o
      1140         58          0          9          0       5865   stm32f20x_40x_spi.o
      2188        652          0          0          0       8712   stm32f4xx_adc.o
      2746        486          0          0          0       8003   stm32f4xx_can.o
      2372        438          0          0          0       6053   stm32f4xx_dma.o
       632        194          0          0          0       2916   stm32f4xx_exti.o
      1540        490          0          0          0       4919   stm32f4xx_gpio.o
       172         12          0          0          0       9090   stm32f4xx_it.o
        92         66          0          0          0        698   stm32f4xx_pwr.o
      1800        752          0         16          0       9984   stm32f4xx_rcc.o
      2170        550          0          0          0      11399   stm32f4xx_rtc.o
      1556        598          0          0          0       7684   stm32f4xx_spi.o
       244         64          0          0          0        888   stm32f4xx_syscfg.o
      4772       1452          0          0          0      14595   stm32f4xx_tim.o
      2244        680          0          0          0       8035   stm32f4xx_usart.o
         0          0          0          0       1344      15316   struct_all.o
         0          0          0         16          0       4305   symbol.o
       340         32          0         20          0       2413   system_stm32f4xx.o
      1940        660        170          0          0      13948   thread.o
      1794        468         56         52        532       8723   thread_acc.o
      2300        428         23         88        512       8306   thread_airpress.o
       692         34          0         16          0       5609   thread_calendar.o
       774        120          0          0       3456       7350   thread_canbus.o
      2452        394         54         28        516       9669   thread_compass.o
      3920        236         50         12         76      14273   thread_controller.o
       808         66          0          8         44       4895   thread_expand.o
      3020        162          8         48        625       9911   thread_gps.o
      3456        580        106         76        436      10855   thread_gyro.o
       568         74          0         16         76       9250   thread_heartbeat.o
      2506        610       1444          0      12736      13594   thread_log.o
      2134        168          0         32        712      32478   thread_mavlink.o
      7198        758          0        164        260      20381   thread_navigator.o
      7384        324          0         44         88       8234   thread_position.o
      1040        116          0         16        216       5635   thread_ppm.o
       280         24          0          0        128     320747   time_measure.o
      1334        352         92         16          0      11775   timer.o
       380         48          0         28        272       4673   usart.o

    ----------------------------------------------------------------------
    139436      25604       8758       1184      51976    1148518   Object Totals
         0          0         32          0          0          0   (incl. Generated)
        92          0         18         12         23          0   (incl. Padding)

    ----------------------------------------------------------------------

      Code (inc. data)   RO Data    RW Data    ZI Data      Debug   Library Member Name

        90          0          0          0          0          0   __dczerorl2.o
         8          0          0          0          0         68   __main.o
       312          4         17          0          0         92   __printf_flags_wp.o
        14          0          0          0          0         68   __printf_wp.o
        52          8          0          0          0          0   __scatter.o
        28          0          0          0          0          0   __scatter_zi.o
        28          0          0          0          0         68   _chval.o
         0          0         12          0          0          0   _monlen.o
        44          0          0          0          0        108   _printf_char.o
        48          6          0          0          0         96   _printf_char_common.o
         6          0          0          0          0          0   _printf_d.o
       116         16          0          0          0         92   _printf_dec.o
         6          0          0          0          0          0   _printf_f.o
      1046          0          0          0          0        216   _printf_fp_dec.o
       128         16          0          0          0         84   _printf_fp_infnan.o
       178          0          0          0          0         88   _printf_intcommon.o
        78          0          0          0          0        108   _printf_pad.o
         0          0          0          0          0          0   _printf_percent.o
         4          0          0          0          0          0   _printf_percent_end.o
         6          0          0          0          0          0   _printf_s.o
        82          0          0          0          0         80   _printf_str.o
        22          0          0          0          0        100   _rserrno.o
        64          0          0          0          0         84   _sgetc.o
        10          0          0          0          0         68   _sputc.o
       158          0          0          0          0         92   _strtoul.o
        16          0          0          0          0         68   aeabi_memset.o
        26          0          0          0          0         80   atoi.o
       216          4        148          0          0         96   bigflt0.o
      2074        132          0          0          0        940   btod.o
        12          0          0          0          0         72   exit.o
         6          0          0          0          0        152   heapauxi.o
         0          0          0          0          0          0   indicate_semi.o
        18          0          0          0          0         76   isspace.o
        44         10        272          0          0         76   lc_ctype_c.o
        44         10         28          0          0         76   lc_numeric_c.o
         2          0          0          0          0          0   libinit.o
        34          0          0          0          0          0   libinit2.o
         2          0          0          0          0          0   libshutdown.o
         2          0          0          0          0          0   libshutdown2.o
         8          4          0          0         96         68   libspace.o
        72          0          0          0          0         76   llsdiv.o
        38          0          0          0          0         68   llshl.o
       138          0          0          0          0         80   lludiv10.o
       238          0          0          0          0        100   lludivv7m.o
       420         10          0          0          0        128   mktime.o
        40          6          0          0          0         84   noretval__2sprintf.o
        16          4          0          0          0         76   rt_ctype_table.o
         8          4          0          0          0         68   rt_errno_addr_intlibspace.o
         8          4          0          0          0         68   rt_locale_intlibspace.o
        68          0          0          0          0         68   rt_memclr.o
        78          0          0          0          0         80   rt_memclr_w.o
       138          0          0          0          0         68   rt_memcpy_v6.o
       100          0          0          0          0         80   rt_memcpy_w.o
         0          0          0          0          0          0   rtentry.o
        12          0          0          0          0          0   rtentry2.o
         6          0          0          0          0          0   rtentry4.o
         2          0          0          0          0          0   rtexit.o
        10          0          0          0          0          0   rtexit2.o
      1188         12          0          0          0        148   scanf_fp.o
       792         14          0          0          0        100   scanf_hexfp.o
       308         16          0          0          0        100   scanf_infnan.o
        24          0          0          0          0         68   strcat.o
       128          0          0          0          0         68   strcmpv7m.o
        72          0          0          0          0         80   strcpy.o
        62          0          0          0          0         76   strlen.o
       150          0          0          0          0         80   strncmp.o
        86          0          0          0          0         76   strncpy.o
       160         12          0          0          0        120   strtod.o
       112          0          0          0          0         88   strtol.o
        12          4          0          0          0         68   sys_exit.o
        74          0          0          0          0         80   sys_stackheap_outer.o
         2          0          0          0          0         68   use_no_semi.o
        24          0          0          0          0        164   basic.o
        98          4          0          0          0        140   d2f.o
       826         16          0          0          0        492   daddsub_clz.o
        16          4          0          0          0        116   dcheck1.o
        24          0          0          0          0        116   dcmpi.o
       688        140          0          0          0        256   ddiv.o
       120          4          0          0          0        140   deqf.o
        94          4          0          0          0        140   dfix.o
        90          4          0          0          0        140   dfixu.o
        84          0          0          0          0        232   dflt_clz.o
       162          0          0          0          0        132   dfltll_clz.o
       120          4          0          0          0        140   dleqf.o
       340         12          0          0          0        152   dmul.o
       156          4          0          0          0        140   dnaninf.o
        12          0          0          0          0        116   dretinf.o
       108          0          0          0          0        128   drleqf.o
       408         56          0          0          0        168   dsqrt_umaal.o
        86          4          0          0          0        132   f2d.o
       140          4          0          0          0        132   fnaninf.o
         0          0          8          0          0          0   fpconst.o
        10          0          0          0          0        116   fpinit.o
        10          0          0          0          0        116   fretinf.o
         4          0          0          0          0        116   printf1.o
       100          0          0          0          0        116   retnan.o
        92          0          0          0          0        116   scalbn.o
         4          0          0          0          0        116   scanf1.o
         8          0          0          0          0        132   scanf2.o
        48          0          0          0          0        116   trapv.o
         0          0          0          0          0          0   usenofp.o
       880        110         80          0          0        200   asin.o
       752        104        152          0          0        344   atan.o
       496         70          0          0          0        156   atan2.o
        56         12          0          0          0        132   atof.o
       216         16          0          0          0        152   cos.o
       368         46         48          0          0        200   cos_i.o
        32          8          0          0          0        124   dunder.o
        24          0          0          0          0        124   fabs.o
        48          0          0          0          0        124   fpclassify.o
       140         22          0          0          0        132   frexp.o
       244         16          0          0          0        308   ldexp.o
      1012        114         56          0          0        356   log.o
       328         62          0          0          0        156   log10.o
       184         18          0          0          0        152   narrow.o
       248          0          0          0          0        152   poly.o
      3128        304        136          0          0        216   pow.o
         0          0          8          0          0          0   qnan.o
      1080        142        200          0          0        188   rred.o
       216         16          0          0          0        152   sin.o
       304         24         40          0          0        208   sin_i.o
       232          0          0          0          0        296   sqrt.o
       160         18          0          0          0        152   tan.o
       848         84         96          0          0        196   tan_i.o

    ----------------------------------------------------------------------
     24498       1746       1308          0         96      13820   Library Totals
        36          4          7          0          0          0   (incl. Padding)

    ----------------------------------------------------------------------

      Code (inc. data)   RO Data    RW Data    ZI Data      Debug   Library Name

      9594        296        477          0         96       5480   c_w.l
      3872        260          8          0          0       4120   fz_wm.l
     10996       1186        816          0          0       4220   m_wm.l

    ----------------------------------------------------------------------
     24498       1746       1308          0         96      13820   Library Totals

    ----------------------------------------------------------------------

==============================================================================


      Code (inc. data)   RO Data    RW Data    ZI Data      Debug   

    163934      27350      10066       1184      52072    1079718   Grand Totals
    163934      27350      10066        228      52072    1079718   ELF Image Totals (compressed)
    163934      27350      10066        228          0          0   ROM Totals

==============================================================================

    Total RO  Size (Code + RO Data)               174000 ( 169.92kB)
    Total RW  Size (RW Data + ZI Data)             53256 (  52.01kB)
    Total ROM Size (Code + RO Data + RW Data)     174228 ( 170.14kB)

==============================================================================

